Component: ARM Compiler 5.06 update 6 (build 750) Tool: armlink [4d35ed]

==============================================================================

Section Cross References

    startup_stm32l011xx.o(RESET) refers to startup_stm32l011xx.o(STACK) for __initial_sp
    startup_stm32l011xx.o(RESET) refers to startup_stm32l011xx.o(.text) for Reset_Handler
    startup_stm32l011xx.o(RESET) refers to stm32l0xx_it.o(i.NMI_Handler) for NMI_Handler
    startup_stm32l011xx.o(RESET) refers to stm32l0xx_it.o(i.HardFault_Handler) for HardFault_Handler
    startup_stm32l011xx.o(RESET) refers to stm32l0xx_it.o(i.SVC_Handler) for SVC_Handler
    startup_stm32l011xx.o(RESET) refers to stm32l0xx_it.o(i.PendSV_Handler) for PendSV_Handler
    startup_stm32l011xx.o(RESET) refers to stm32l0xx_it.o(i.SysTick_Handler) for SysTick_Handler
    startup_stm32l011xx.o(RESET) refers to stm32l0xx_it.o(i.DMA1_Channel4_5_IRQHandler) for DMA1_Channel4_5_IRQHandler
    startup_stm32l011xx.o(RESET) refers to stm32l0xx_it.o(i.USART2_IRQHandler) for USART2_IRQHandler
    startup_stm32l011xx.o(.text) refers to startup_stm32l011xx.o(STACK) for __initial_sp
    startup_stm32l011xx.o(.text) refers to system_stm32l0xx.o(i.SystemInit) for SystemInit
    startup_stm32l011xx.o(.text) refers to entry.o(.ARM.Collect$$$$00000000) for __main
    main.o(i.SystemClock_Config) refers to memseta.o(.text) for __aeabi_memclr4
    main.o(i.SystemClock_Config) refers to stm32l0xx_hal_rcc.o(i.HAL_RCC_OscConfig) for HAL_RCC_OscConfig
    main.o(i.SystemClock_Config) refers to stm32l0xx_hal_rcc.o(i.HAL_RCC_ClockConfig) for HAL_RCC_ClockConfig
    main.o(i.SystemClock_Config) refers to stm32l0xx_hal_rcc_ex.o(i.HAL_RCCEx_PeriphCLKConfig) for HAL_RCCEx_PeriphCLKConfig
    main.o(i.main) refers to stm32l0xx_hal.o(i.HAL_Init) for HAL_Init
    main.o(i.main) refers to main.o(i.SystemClock_Config) for SystemClock_Config
    main.o(i.main) refers to gpio.o(i.MX_GPIO_Init) for MX_GPIO_Init
    main.o(i.main) refers to dma.o(i.MX_DMA_Init) for MX_DMA_Init
    main.o(i.main) refers to spi.o(i.MX_SPI1_Init) for MX_SPI1_Init
    main.o(i.main) refers to usart.o(i.MX_USART2_UART_Init) for MX_USART2_UART_Init
    main.o(i.main) refers to applicationmain.o(i.ApplicationMain_Init) for ApplicationMain_Init
    main.o(i.main) refers to applicationmain.o(i.ApplicationMain_Loop) for ApplicationMain_Loop
    gpio.o(i.MX_GPIO_Init) refers to memseta.o(.text) for __aeabi_memclr4
    gpio.o(i.MX_GPIO_Init) refers to stm32l0xx_hal_gpio.o(i.HAL_GPIO_WritePin) for HAL_GPIO_WritePin
    gpio.o(i.MX_GPIO_Init) refers to stm32l0xx_hal_gpio.o(i.HAL_GPIO_Init) for HAL_GPIO_Init
    dma.o(i.MX_DMA_Init) refers to stm32l0xx_hal_cortex.o(i.HAL_NVIC_SetPriority) for HAL_NVIC_SetPriority
    dma.o(i.MX_DMA_Init) refers to stm32l0xx_hal_cortex.o(i.HAL_NVIC_EnableIRQ) for HAL_NVIC_EnableIRQ
    spi.o(i.HAL_SPI_MspDeInit) refers to stm32l0xx_hal_gpio.o(i.HAL_GPIO_DeInit) for HAL_GPIO_DeInit
    spi.o(i.HAL_SPI_MspDeInit) refers to stm32l0xx_hal_dma.o(i.HAL_DMA_DeInit) for HAL_DMA_DeInit
    spi.o(i.HAL_SPI_MspInit) refers to memseta.o(.text) for __aeabi_memclr4
    spi.o(i.HAL_SPI_MspInit) refers to stm32l0xx_hal_gpio.o(i.HAL_GPIO_Init) for HAL_GPIO_Init
    spi.o(i.HAL_SPI_MspInit) refers to stm32l0xx_hal_dma.o(i.HAL_DMA_Init) for HAL_DMA_Init
    spi.o(i.HAL_SPI_MspInit) refers to main.o(i.Error_Handler) for Error_Handler
    spi.o(i.HAL_SPI_MspInit) refers to spi.o(.bss) for .bss
    spi.o(i.MX_SPI1_Init) refers to stm32l0xx_hal_spi.o(i.HAL_SPI_Init) for HAL_SPI_Init
    spi.o(i.MX_SPI1_Init) refers to main.o(i.Error_Handler) for Error_Handler
    spi.o(i.MX_SPI1_Init) refers to spi.o(.bss) for .bss
    usart.o(i.HAL_UART_MspDeInit) refers to stm32l0xx_hal_gpio.o(i.HAL_GPIO_DeInit) for HAL_GPIO_DeInit
    usart.o(i.HAL_UART_MspDeInit) refers to stm32l0xx_hal_cortex.o(i.HAL_NVIC_DisableIRQ) for HAL_NVIC_DisableIRQ
    usart.o(i.HAL_UART_MspInit) refers to memseta.o(.text) for __aeabi_memclr4
    usart.o(i.HAL_UART_MspInit) refers to stm32l0xx_hal_gpio.o(i.HAL_GPIO_Init) for HAL_GPIO_Init
    usart.o(i.HAL_UART_MspInit) refers to stm32l0xx_hal_cortex.o(i.HAL_NVIC_SetPriority) for HAL_NVIC_SetPriority
    usart.o(i.HAL_UART_MspInit) refers to stm32l0xx_hal_cortex.o(i.HAL_NVIC_EnableIRQ) for HAL_NVIC_EnableIRQ
    usart.o(i.HAL_UART_MspInit) refers to usart.o(.bss) for .bss
    usart.o(i.MX_USART2_UART_Init) refers to stm32l0xx_hal_uart.o(i.HAL_UART_Init) for HAL_UART_Init
    usart.o(i.MX_USART2_UART_Init) refers to main.o(i.Error_Handler) for Error_Handler
    usart.o(i.MX_USART2_UART_Init) refers to usart.o(.bss) for .bss
    stm32l0xx_it.o(i.DMA1_Channel4_5_IRQHandler) refers to stm32l0xx_hal_dma.o(i.HAL_DMA_IRQHandler) for HAL_DMA_IRQHandler
    stm32l0xx_it.o(i.DMA1_Channel4_5_IRQHandler) refers to spi.o(.bss) for hdma_spi1_tx
    stm32l0xx_it.o(i.SysTick_Handler) refers to stm32l0xx_hal.o(i.HAL_IncTick) for HAL_IncTick
[...]
    Removing stm32l0xx_hal_spi.o(i.SPI_DMAAbortOnError), (16 bytes).
    Removing stm32l0xx_hal_spi.o(i.SPI_DMAHalfReceiveCplt), (10 bytes).
    Removing stm32l0xx_hal_spi.o(i.SPI_DMAHalfTransmitReceiveCplt), (10 bytes).
    Removing stm32l0xx_hal_spi.o(i.SPI_DMAReceiveCplt), (86 bytes).
    Removing stm32l0xx_hal_spi.o(i.SPI_DMARxAbortCallback), (104 bytes).
    Removing stm32l0xx_hal_spi.o(i.SPI_DMATransmitReceiveCplt), (92 bytes).
    Removing stm32l0xx_hal_spi.o(i.SPI_DMATxAbortCallback), (124 bytes).
    Removing stm32l0xx_hal_spi.o(i.SPI_EndRxTransaction), (92 bytes).
    Removing stm32l0xx_hal_spi.o(i.SPI_RxISR_16BIT), (34 bytes).
    Removing stm32l0xx_hal_spi.o(i.SPI_RxISR_8BIT), (34 bytes).
    Removing stm32l0xx_hal_spi.o(i.SPI_TxISR_16BIT), (34 bytes).
    Removing stm32l0xx_hal_spi.o(i.SPI_TxISR_8BIT), (34 bytes).
    Removing stm32l0xx_hal.o(.rev16_text), (4 bytes).
    Removing stm32l0xx_hal.o(.revsh_text), (4 bytes).
    Removing stm32l0xx_hal.o(i.HAL_DBGMCU_DBG_DisableLowPowerConfig), (16 bytes).
    Removing stm32l0xx_hal.o(i.HAL_DBGMCU_DBG_EnableLowPowerConfig), (16 bytes).
    Removing stm32l0xx_hal.o(i.HAL_DBGMCU_DisableDBGSleepMode), (16 bytes).
    Removing stm32l0xx_hal.o(i.HAL_DBGMCU_DisableDBGStandbyMode), (16 bytes).
    Removing stm32l0xx_hal.o(i.HAL_DBGMCU_DisableDBGStopMode), (16 bytes).
    Removing stm32l0xx_hal.o(i.HAL_DBGMCU_EnableDBGSleepMode), (16 bytes).
    Removing stm32l0xx_hal.o(i.HAL_DBGMCU_EnableDBGStandbyMode), (16 bytes).
    Removing stm32l0xx_hal.o(i.HAL_DBGMCU_EnableDBGStopMode), (16 bytes).
    Removing stm32l0xx_hal.o(i.HAL_DeInit), (40 bytes).
    Removing stm32l0xx_hal.o(i.HAL_Delay), (36 bytes).
    Removing stm32l0xx_hal.o(i.HAL_GetDEVID), (16 bytes).
    Removing stm32l0xx_hal.o(i.HAL_GetHalVersion), (8 bytes).
    Removing stm32l0xx_hal.o(i.HAL_GetREVID), (12 bytes).
    Removing stm32l0xx_hal.o(i.HAL_GetTickFreq), (12 bytes).
    Removing stm32l0xx_hal.o(i.HAL_GetTickPrio), (12 bytes).
    Removing stm32l0xx_hal.o(i.HAL_GetUIDw0), (12 bytes).
    Removing stm32l0xx_hal.o(i.HAL_GetUIDw1), (12 bytes).
    Removing stm32l0xx_hal.o(i.HAL_GetUIDw2), (12 bytes).
    Removing stm32l0xx_hal.o(i.HAL_MspDeInit), (2 bytes).
    Removing stm32l0xx_hal.o(i.HAL_MspInit), (2 bytes).
    Removing stm32l0xx_hal.o(i.HAL_ResumeTick), (16 bytes).
    Removing stm32l0xx_hal.o(i.HAL_SYSCFG_Disable_Lock_VREFINT), (16 bytes).
    Removing stm32l0xx_hal.o(i.HAL_SYSCFG_Enable_Lock_VREFINT), (16 bytes).
    Removing stm32l0xx_hal.o(i.HAL_SYSCFG_GetBootMode), (16 bytes).
    Removing stm32l0xx_hal.o(i.HAL_SYSCFG_VREFINT_OutputSelect), (24 bytes).
    Removing stm32l0xx_hal.o(i.HAL_SetTickFreq), (36 bytes).
    Removing stm32l0xx_hal.o(i.HAL_SuspendTick), (16 bytes).
    Removing stm32l0xx_hal_i2c.o(.rev16_text), (4 bytes).
    Removing stm32l0xx_hal_i2c.o(.revsh_text), (4 bytes).
    Removing stm32l0xx_hal_i2c.o(i.HAL_I2C_AbortCpltCallback), (2 bytes).
    Removing stm32l0xx_hal_i2c.o(i.HAL_I2C_AddrCallback), (2 bytes).
    Removing stm32l0xx_hal_i2c.o(i.HAL_I2C_DeInit), (52 bytes).
    Removing stm32l0xx_hal_i2c.o(i.HAL_I2C_DisableListen_IT), (50 bytes).
    Removing stm32l0xx_hal_i2c.o(i.HAL_I2C_ER_IRQHandler), (94 bytes).
    Removing stm32l0xx_hal_i2c.o(i.HAL_I2C_EV_IRQHandler), (16 bytes).
    Removing stm32l0xx_hal_i2c.o(i.HAL_I2C_EnableListen_IT), (40 bytes).
    Removing stm32l0xx_hal_i2c.o(i.HAL_I2C_ErrorCallback), (2 bytes).
    Removing stm32l0xx_hal_i2c.o(i.HAL_I2C_GetError), (4 bytes).
    Removing stm32l0xx_hal_i2c.o(i.HAL_I2C_GetMode), (6 bytes).
    Removing stm32l0xx_hal_i2c.o(i.HAL_I2C_GetState), (6 bytes).
    Removing stm32l0xx_hal_i2c.o(i.HAL_I2C_Init), (180 bytes).
    Removing stm32l0xx_hal_i2c.o(i.HAL_I2C_IsDeviceReady), (288 bytes).
    Removing stm32l0xx_hal_i2c.o(i.HAL_I2C_ListenCpltCallback), (2 bytes).
    Removing stm32l0xx_hal_i2c.o(i.HAL_I2C_MasterRxCpltCallback), (2 bytes).
    Removing stm32l0xx_hal_i2c.o(i.HAL_I2C_MasterTxCpltCallback), (2 bytes).
    Removing stm32l0xx_hal_i2c.o(i.HAL_I2C_Master_Abort_IT), (112 bytes).
    Removing stm32l0xx_hal_i2c.o(i.HAL_I2C_Master_Receive), (272 bytes).
    Removing stm32l0xx_hal_i2c.o(i.HAL_I2C_Master_Receive_DMA), (280 bytes).
    Removing stm32l0xx_hal_i2c.o(i.HAL_I2C_Master_Receive_IT), (128 bytes).
    Removing stm32l0xx_hal_i2c.o(i.HAL_I2C_Master_Seq_Receive_DMA), (316 bytes).
    Removing stm32l0xx_hal_i2c.o(i.HAL_I2C_Master_Seq_Receive_IT), (156 bytes).
    Removing stm32l0xx_hal_i2c.o(i.HAL_I2C_Master_Seq_Transmit_DMA), (312 bytes).
    Removing stm32l0xx_hal_i2c.o(i.HAL_I2C_Master_Seq_Transmit_IT), (156 bytes).
    Removing stm32l0xx_hal_i2c.o(i.HAL_I2C_Master_Transmit), (272 bytes).
    Removing stm32l0xx_hal_i2c.o(i.HAL_I2C_Master_Transmit_DMA), (284 bytes).
    Removing stm32l0xx_hal_i2c.o(i.HAL_I2C_Master_Transmit_IT), (128 bytes).
    Removing stm32l0xx_hal_i2c.o(i.HAL_I2C_MemRxCpltCallback), (2 bytes).
    Removing stm32l0xx_hal_i2c.o(i.HAL_I2C_MemTxCpltCallback), (2 bytes).
    Removing stm32l0xx_hal_i2c.o(i.HAL_I2C_Mem_Read), (340 bytes).
    Removing stm32l0xx_hal_i2c.o(i.HAL_I2C_Mem_Read_DMA), (288 bytes).
    Removing stm32l0xx_hal_i2c.o(i.HAL_I2C_Mem_Read_IT), (188 bytes).
    Removing stm32l0xx_hal_i2c.o(i.HAL_I2C_Mem_Write), (332 bytes).
    Removing stm32l0xx_hal_i2c.o(i.HAL_I2C_Mem_Write_DMA), (280 bytes).
    Removing stm32l0xx_hal_i2c.o(i.HAL_I2C_Mem_Write_IT), (180 bytes).
    Removing stm32l0xx_hal_i2c.o(i.HAL_I2C_MspDeInit), (2 bytes).
    Removing stm32l0xx_hal_i2c.o(i.HAL_I2C_MspInit), (2 bytes).
    Removing stm32l0xx_hal_i2c.o(i.HAL_I2C_SlaveRxCpltCallback), (2 bytes).
    Removing stm32l0xx_hal_i2c.o(i.HAL_I2C_SlaveTxCpltCallback), (2 bytes).
    Removing stm32l0xx_hal_i2c.o(i.HAL_I2C_Slave_Receive), (276 bytes).
    Removing stm32l0xx_hal_i2c.o(i.HAL_I2C_Slave_Receive_DMA), (200 bytes).
    Removing stm32l0xx_hal_i2c.o(i.HAL_I2C_Slave_Receive_IT), (88 bytes).
    Removing stm32l0xx_hal_i2c.o(i.HAL_I2C_Slave_Seq_Receive_DMA), (364 bytes).
    Removing stm32l0xx_hal_i2c.o(i.HAL_I2C_Slave_Seq_Receive_IT), (204 bytes).
    Removing stm32l0xx_hal_i2c.o(i.HAL_I2C_Slave_Seq_Transmit_DMA), (368 bytes).
    Removing stm32l0xx_hal_i2c.o(i.HAL_I2C_Slave_Seq_Transmit_IT), (208 bytes).
    Removing stm32l0xx_hal_i2c.o(i.HAL_I2C_Slave_Transmit), (294 bytes).
    Removing stm32l0xx_hal_i2c.o(i.HAL_I2C_Slave_Transmit_DMA), (196 bytes).
    Removing stm32l0xx_hal_i2c.o(i.HAL_I2C_Slave_Transmit_IT), (88 bytes).
    Removing stm32l0xx_hal_i2c.o(i.I2C_ConvertOtherXferOptions), (28 bytes).
    Removing stm32l0xx_hal_i2c.o(i.I2C_DMAAbort), (28 bytes).
    Removing stm32l0xx_hal_i2c.o(i.I2C_DMAError), (24 bytes).
    Removing stm32l0xx_hal_i2c.o(i.I2C_DMAMasterReceiveCplt), (84 bytes).
    Removing stm32l0xx_hal_i2c.o(i.I2C_DMAMasterTransmitCplt), (84 bytes).
    Removing stm32l0xx_hal_i2c.o(i.I2C_DMASlaveReceiveCplt), (42 bytes).
    Removing stm32l0xx_hal_i2c.o(i.I2C_DMASlaveTransmitCplt), (36 bytes).
    Removing stm32l0xx_hal_i2c.o(i.I2C_Disable_IRQ), (82 bytes).
    Removing stm32l0xx_hal_i2c.o(i.I2C_Enable_IRQ), (92 bytes).
    Removing stm32l0xx_hal_i2c.o(i.I2C_Flush_TXDR), (34 bytes).
    Removing stm32l0xx_hal_i2c.o(i.I2C_ITAddrCplt), (124 bytes).
    Removing stm32l0xx_hal_i2c.o(i.I2C_ITError), (236 bytes).
    Removing stm32l0xx_hal_i2c.o(i.I2C_ITListenCplt), (104 bytes).
    Removing stm32l0xx_hal_i2c.o(i.I2C_ITMasterCplt), (216 bytes).
    Removing stm32l0xx_hal_i2c.o(i.I2C_ITMasterSeqCplt), (70 bytes).
    Removing stm32l0xx_hal_i2c.o(i.I2C_ITSlaveCplt), (316 bytes).
    Removing stm32l0xx_hal_i2c.o(i.I2C_ITSlaveSeqCplt), (106 bytes).
    Removing stm32l0xx_hal_i2c.o(i.I2C_IsAcknowledgeFailed), (112 bytes).
    Removing stm32l0xx_hal_i2c.o(i.I2C_Master_ISR_DMA), (268 bytes).
    Removing stm32l0xx_hal_i2c.o(i.I2C_Master_ISR_IT), (304 bytes).
    Removing stm32l0xx_hal_i2c.o(i.I2C_RequestMemoryRead), (96 bytes).
    Removing stm32l0xx_hal_i2c.o(i.I2C_RequestMemoryWrite), (96 bytes).
    Removing stm32l0xx_hal_i2c.o(i.I2C_Slave_ISR_DMA), (274 bytes).
    Removing stm32l0xx_hal_i2c.o(i.I2C_Slave_ISR_IT), (304 bytes).
    Removing stm32l0xx_hal_i2c.o(i.I2C_TransferConfig), (40 bytes).
    Removing stm32l0xx_hal_i2c.o(i.I2C_TreatErrorCallback), (38 bytes).
    Removing stm32l0xx_hal_i2c.o(i.I2C_WaitOnFlagUntilTimeout), (78 bytes).
    Removing stm32l0xx_hal_i2c.o(i.I2C_WaitOnRXNEFlagUntilTimeout), (128 bytes).
    Removing stm32l0xx_hal_i2c.o(i.I2C_WaitOnSTOPFlagUntilTimeout), (76 bytes).
    Removing stm32l0xx_hal_i2c.o(i.I2C_WaitOnTXISFlagUntilTimeout), (80 bytes).
    Removing stm32l0xx_hal_i2c_ex.o(.rev16_text), (4 bytes).
    Removing stm32l0xx_hal_i2c_ex.o(.revsh_text), (4 bytes).
    Removing stm32l0xx_hal_i2c_ex.o(i.HAL_I2CEx_ConfigAnalogFilter), (74 bytes).
    Removing stm32l0xx_hal_i2c_ex.o(i.HAL_I2CEx_ConfigDigitalFilter), (72 bytes).
    Removing stm32l0xx_hal_i2c_ex.o(i.HAL_I2CEx_DisableFastModePlus), (28 bytes).
    Removing stm32l0xx_hal_i2c_ex.o(i.HAL_I2CEx_DisableWakeUp), (66 bytes).
    Removing stm32l0xx_hal_i2c_ex.o(i.HAL_I2CEx_EnableFastModePlus), (28 bytes).
    Removing stm32l0xx_hal_i2c_ex.o(i.HAL_I2CEx_EnableWakeUp), (66 bytes).
    Removing stm32l0xx_hal_rcc.o(.rev16_text), (4 bytes).
    Removing stm32l0xx_hal_rcc.o(.revsh_text), (4 bytes).
    Removing stm32l0xx_hal_rcc.o(i.HAL_RCC_DeInit), (204 bytes).
    Removing stm32l0xx_hal_rcc.o(i.HAL_RCC_GetClockConfig), (64 bytes).
    Removing stm32l0xx_hal_rcc.o(i.HAL_RCC_GetHCLKFreq), (12 bytes).
    Removing stm32l0xx_hal_rcc.o(i.HAL_RCC_GetOscConfig), (184 bytes).
    Removing stm32l0xx_hal_rcc.o(i.HAL_RCC_MCOConfig), (96 bytes).
    Removing stm32l0xx_hal_rcc_ex.o(.rev16_text), (4 bytes).
    Removing stm32l0xx_hal_rcc_ex.o(.revsh_text), (4 bytes).
    Removing stm32l0xx_hal_rcc_ex.o(i.HAL_RCCEx_DisableLSECSS), (32 bytes).
    Removing stm32l0xx_hal_rcc_ex.o(i.HAL_RCCEx_EnableLSECSS), (20 bytes).
    Removing stm32l0xx_hal_rcc_ex.o(i.HAL_RCCEx_EnableLSECSS_IT), (52 bytes).
    Removing stm32l0xx_hal_rcc_ex.o(i.HAL_RCCEx_GetPeriphCLKConfig), (84 bytes).
    Removing stm32l0xx_hal_rcc_ex.o(i.HAL_RCCEx_GetPeriphCLKFreq), (268 bytes).
    Removing stm32l0xx_hal_rcc_ex.o(i.HAL_RCCEx_LSECSS_Callback), (2 bytes).
    Removing stm32l0xx_hal_rcc_ex.o(i.HAL_RCCEx_LSECSS_IRQHandler), (24 bytes).
    Removing stm32l0xx_hal_flash_ramfunc.o(.rev16_text), (4 bytes).
    Removing stm32l0xx_hal_flash_ramfunc.o(.revsh_text), (4 bytes).
    Removing stm32l0xx_hal_flash_ramfunc.o(i.FLASHRAM_SetErrorCode), (144 bytes).
    Removing stm32l0xx_hal_flash_ramfunc.o(i.FLASHRAM_WaitForLastOperation), (96 bytes).
    Removing stm32l0xx_hal_flash_ramfunc.o(i.HAL_FLASHEx_DisableRunPowerDown), (36 bytes).
    Removing stm32l0xx_hal_flash_ramfunc.o(i.HAL_FLASHEx_EnableRunPowerDown), (36 bytes).
    Removing stm32l0xx_hal_flash_ramfunc.o(i.HAL_FLASHEx_GetError), (16 bytes).
    Removing stm32l0xx_hal_flash_ramfunc.o(i.HAL_FLASHEx_HalfPageProgram), (84 bytes).
    Removing stm32l0xx_hal_flash.o(.rev16_text), (4 bytes).
    Removing stm32l0xx_hal_flash.o(.revsh_text), (4 bytes).
    Removing stm32l0xx_hal_flash.o(i.FLASH_SetErrorCode), (144 bytes).
    Removing stm32l0xx_hal_flash.o(i.FLASH_WaitForLastOperation), (112 bytes).
    Removing stm32l0xx_hal_flash.o(i.HAL_FLASH_EndOfOperationCallback), (2 bytes).
    Removing stm32l0xx_hal_flash.o(i.HAL_FLASH_GetError), (12 bytes).
    Removing stm32l0xx_hal_flash.o(i.HAL_FLASH_IRQHandler), (220 bytes).
    Removing stm32l0xx_hal_flash.o(i.HAL_FLASH_Lock), (28 bytes).
    Removing stm32l0xx_hal_flash.o(i.HAL_FLASH_OB_Launch), (32 bytes).
    Removing stm32l0xx_hal_flash.o(i.HAL_FLASH_OB_Lock), (20 bytes).
    Removing stm32l0xx_hal_flash.o(i.HAL_FLASH_OB_Unlock), (68 bytes).
    Removing stm32l0xx_hal_flash.o(i.HAL_FLASH_OperationErrorCallback), (2 bytes).
    Removing stm32l0xx_hal_flash.o(i.HAL_FLASH_Program), (60 bytes).
    Removing stm32l0xx_hal_flash.o(i.HAL_FLASH_Program_IT), (60 bytes).
    Removing stm32l0xx_hal_flash.o(i.HAL_FLASH_Unlock), (92 bytes).
    Removing stm32l0xx_hal_flash.o(.bss), (24 bytes).
    Removing stm32l0xx_hal_flash_ex.o(.rev16_text), (4 bytes).
    Removing stm32l0xx_hal_flash_ex.o(.revsh_text), (4 bytes).
    Removing stm32l0xx_hal_flash_ex.o(i.FLASH_OB_ProtectedSectorsConfig), (80 bytes).
    Removing stm32l0xx_hal_flash_ex.o(i.FLASH_PageErase), (44 bytes).
    Removing stm32l0xx_hal_flash_ex.o(i.HAL_FLASHEx_AdvOBGetConfig), (24 bytes).
    Removing stm32l0xx_hal_flash_ex.o(i.HAL_FLASHEx_AdvOBProgram), (24 bytes).
    Removing stm32l0xx_hal_flash_ex.o(i.HAL_FLASHEx_DATAEEPROM_DisableFixedTimeProgram), (16 bytes).
    Removing stm32l0xx_hal_flash_ex.o(i.HAL_FLASHEx_DATAEEPROM_EnableFixedTimeProgram), (16 bytes).
    Removing stm32l0xx_hal_flash_ex.o(i.HAL_FLASHEx_DATAEEPROM_Erase), (40 bytes).
    Removing stm32l0xx_hal_flash_ex.o(i.HAL_FLASHEx_DATAEEPROM_Lock), (20 bytes).
    Removing stm32l0xx_hal_flash_ex.o(i.HAL_FLASHEx_DATAEEPROM_Program), (84 bytes).
    Removing stm32l0xx_hal_flash_ex.o(i.HAL_FLASHEx_DATAEEPROM_Unlock), (52 bytes).
    Removing stm32l0xx_hal_flash_ex.o(i.HAL_FLASHEx_Erase), (120 bytes).
    Removing stm32l0xx_hal_flash_ex.o(i.HAL_FLASHEx_Erase_IT), (92 bytes).
    Removing stm32l0xx_hal_flash_ex.o(i.HAL_FLASHEx_OBGetConfig), (56 bytes).
    Removing stm32l0xx_hal_flash_ex.o(i.HAL_FLASHEx_OBProgram), (292 bytes).
    Removing stm32l0xx_hal_flash_ex.o(i.HAL_FLASHEx_OB_DeSelectPCROP), (52 bytes).
    Removing stm32l0xx_hal_flash_ex.o(i.HAL_FLASHEx_OB_SelectPCROP), (56 bytes).
    Removing stm32l0xx_hal_gpio.o(.rev16_text), (4 bytes).
    Removing stm32l0xx_hal_gpio.o(.revsh_text), (4 bytes).
    Removing stm32l0xx_hal_gpio.o(i.HAL_GPIO_DeInit), (200 bytes).
    Removing stm32l0xx_hal_gpio.o(i.HAL_GPIO_EXTI_Callback), (2 bytes).
    Removing stm32l0xx_hal_gpio.o(i.HAL_GPIO_EXTI_IRQHandler), (24 bytes).
    Removing stm32l0xx_hal_gpio.o(i.HAL_GPIO_LockPin), (36 bytes).
    Removing stm32l0xx_hal_gpio.o(i.HAL_GPIO_ReadPin), (10 bytes).
    Removing stm32l0xx_hal_gpio.o(i.HAL_GPIO_TogglePin), (16 bytes).
    Removing stm32l0xx_hal_dma.o(.rev16_text), (4 bytes).
    Removing stm32l0xx_hal_dma.o(.revsh_text), (4 bytes).
    Removing stm32l0xx_hal_dma.o(i.HAL_DMA_Abort), (68 bytes).
    Removing stm32l0xx_hal_dma.o(i.HAL_DMA_DeInit), (104 bytes).
    Removing stm32l0xx_hal_dma.o(i.HAL_DMA_GetError), (4 bytes).
    Removing stm32l0xx_hal_dma.o(i.HAL_DMA_GetState), (6 bytes).
    Removing stm32l0xx_hal_dma.o(i.HAL_DMA_PollForTransfer), (190 bytes).
    Removing stm32l0xx_hal_dma.o(i.HAL_DMA_RegisterCallback), (72 bytes).
    Removing stm32l0xx_hal_dma.o(i.HAL_DMA_Start), (74 bytes).
    Removing stm32l0xx_hal_dma.o(i.HAL_DMA_UnRegisterCallback), (78 bytes).
    Removing stm32l0xx_hal_pwr.o(.rev16_text), (4 bytes).
    Removing stm32l0xx_hal_pwr.o(.revsh_text), (4 bytes).
    Removing stm32l0xx_hal_pwr.o(i.HAL_PWR_ConfigPVD), (104 bytes).
    Removing stm32l0xx_hal_pwr.o(i.HAL_PWR_DeInit), (24 bytes).
    Removing stm32l0xx_hal_pwr.o(i.HAL_PWR_DisableBkUpAccess), (16 bytes).
    Removing stm32l0xx_hal_pwr.o(i.HAL_PWR_DisablePVD), (16 bytes).
    Removing stm32l0xx_hal_pwr.o(i.HAL_PWR_DisableSEVOnPend), (16 bytes).
    Removing stm32l0xx_hal_pwr.o(i.HAL_PWR_DisableSleepOnExit), (16 bytes).
    Removing stm32l0xx_hal_pwr.o(i.HAL_PWR_DisableWakeUpPin), (16 bytes).
    Removing stm32l0xx_hal_pwr.o(i.HAL_PWR_EnableBkUpAccess), (16 bytes).
    Removing stm32l0xx_hal_pwr.o(i.HAL_PWR_EnablePVD), (16 bytes).
    Removing stm32l0xx_hal_pwr.o(i.HAL_PWR_EnableSEVOnPend), (16 bytes).
    Removing stm32l0xx_hal_pwr.o(i.HAL_PWR_EnableSleepOnExit), (16 bytes).
    Removing stm32l0xx_hal_pwr.o(i.HAL_PWR_EnableWakeUpPin), (16 bytes).
    Removing stm32l0xx_hal_pwr.o(i.HAL_PWR_EnterSLEEPMode), (48 bytes).
    Removing stm32l0xx_hal_pwr.o(i.HAL_PWR_EnterSTANDBYMode), (32 bytes).
    Removing stm32l0xx_hal_pwr.o(i.HAL_PWR_EnterSTOPMode), (52 bytes).
    Removing stm32l0xx_hal_pwr.o(i.HAL_PWR_PVDCallback), (2 bytes).
    Removing stm32l0xx_hal_pwr.o(i.HAL_PWR_PVD_IRQHandler), (28 bytes).
    Removing stm32l0xx_hal_pwr_ex.o(.rev16_text), (4 bytes).
    Removing stm32l0xx_hal_pwr_ex.o(.revsh_text), (4 bytes).
    Removing stm32l0xx_hal_pwr_ex.o(i.HAL_PWREx_DisableFastWakeUp), (16 bytes).
    Removing stm32l0xx_hal_pwr_ex.o(i.HAL_PWREx_DisableLowPowerRunMode), (76 bytes).
    Removing stm32l0xx_hal_pwr_ex.o(i.HAL_PWREx_DisableUltraLowPower), (16 bytes).
    Removing stm32l0xx_hal_pwr_ex.o(i.HAL_PWREx_EnableFastWakeUp), (16 bytes).
    Removing stm32l0xx_hal_pwr_ex.o(i.HAL_PWREx_EnableLowPowerRunMode), (24 bytes).
    Removing stm32l0xx_hal_pwr_ex.o(i.HAL_PWREx_EnableUltraLowPower), (16 bytes).
    Removing stm32l0xx_hal_pwr_ex.o(i.HAL_PWREx_GetVoltageRange), (16 bytes).
    Removing stm32l0xx_hal_cortex.o(.rev16_text), (4 bytes).
    Removing stm32l0xx_hal_cortex.o(.revsh_text), (4 bytes).
    Removing stm32l0xx_hal_cortex.o(i.HAL_NVIC_ClearPendingIRQ), (20 bytes).
    Removing stm32l0xx_hal_cortex.o(i.HAL_NVIC_DisableIRQ), (20 bytes).
    Removing stm32l0xx_hal_cortex.o(i.HAL_NVIC_GetPendingIRQ), (28 bytes).
    Removing stm32l0xx_hal_cortex.o(i.HAL_NVIC_GetPriority), (52 bytes).
    Removing stm32l0xx_hal_cortex.o(i.HAL_NVIC_SetPendingIRQ), (20 bytes).
    Removing stm32l0xx_hal_cortex.o(i.HAL_NVIC_SystemReset), (28 bytes).
    Removing stm32l0xx_hal_cortex.o(i.HAL_SYSTICK_CLKSourceConfig), (24 bytes).
    Removing stm32l0xx_hal_cortex.o(i.HAL_SYSTICK_Callback), (2 bytes).
    Removing stm32l0xx_hal_cortex.o(i.HAL_SYSTICK_IRQHandler), (8 bytes).
    Removing stm32l0xx_hal_tim.o(.rev16_text), (4 bytes).
    Removing stm32l0xx_hal_tim.o(.revsh_text), (4 bytes).
    Removing stm32l0xx_hal_tim_ex.o(.rev16_text), (4 bytes).
    Removing stm32l0xx_hal_tim_ex.o(.revsh_text), (4 bytes).
    Removing stm32l0xx_hal_uart.o(.rev16_text), (4 bytes).
    Removing stm32l0xx_hal_uart.o(.revsh_text), (4 bytes).
    Removing stm32l0xx_hal_uart.o(i.HAL_HalfDuplex_EnableReceiver), (54 bytes).
    Removing stm32l0xx_hal_uart.o(i.HAL_HalfDuplex_EnableTransmitter), (54 bytes).
    Removing stm32l0xx_hal_uart.o(i.HAL_HalfDuplex_Init), (116 bytes).
    Removing stm32l0xx_hal_uart.o(i.HAL_LIN_Init), (146 bytes).
    Removing stm32l0xx_hal_uart.o(i.HAL_LIN_SendBreak), (44 bytes).
    Removing stm32l0xx_hal_uart.o(i.HAL_MultiProcessor_DisableMuteMode), (46 bytes).
    Removing stm32l0xx_hal_uart.o(i.HAL_MultiProcessor_EnableMuteMode), (46 bytes).
    Removing stm32l0xx_hal_uart.o(i.HAL_MultiProcessor_EnterMuteMode), (12 bytes).
    Removing stm32l0xx_hal_uart.o(i.HAL_MultiProcessor_Init), (142 bytes).
    Removing stm32l0xx_hal_uart.o(i.HAL_UART_Abort), (162 bytes).
    Removing stm32l0xx_hal_uart.o(i.HAL_UART_AbortCpltCallback), (2 bytes).
    Removing stm32l0xx_hal_uart.o(i.HAL_UART_AbortReceive), (110 bytes).
    Removing stm32l0xx_hal_uart.o(i.HAL_UART_AbortReceiveCpltCallback), (2 bytes).
    Removing stm32l0xx_hal_uart.o(i.HAL_UART_AbortReceive_IT), (124 bytes).
    Removing stm32l0xx_hal_uart.o(i.HAL_UART_AbortTransmit), (82 bytes).
    Removing stm32l0xx_hal_uart.o(i.HAL_UART_AbortTransmitCpltCallback), (2 bytes).
    Removing stm32l0xx_hal_uart.o(i.HAL_UART_AbortTransmit_IT), (88 bytes).
    Removing stm32l0xx_hal_uart.o(i.HAL_UART_Abort_IT), (204 bytes).
    Removing stm32l0xx_hal_uart.o(i.HAL_UART_DMAPause), (94 bytes).
    Removing stm32l0xx_hal_uart.o(i.HAL_UART_DMAResume), (86 bytes).
    Removing stm32l0xx_hal_uart.o(i.HAL_UART_DMAStop), (122 bytes).
    Removing stm32l0xx_hal_uart.o(i.HAL_UART_DeInit), (58 bytes).
    Removing stm32l0xx_hal_uart.o(i.HAL_UART_GetError), (4 bytes).
    Removing stm32l0xx_hal_uart.o(i.HAL_UART_GetState), (10 bytes).
    Removing stm32l0xx_hal_uart.o(i.HAL_UART_MspDeInit), (2 bytes).
    Removing stm32l0xx_hal_uart.o(i.HAL_UART_MspInit), (2 bytes).
    Removing stm32l0xx_hal_uart.o(i.HAL_UART_Receive), (260 bytes).
    Removing stm32l0xx_hal_uart.o(i.HAL_UART_Receive_DMA), (184 bytes).
    Removing stm32l0xx_hal_uart.o(i.HAL_UART_Receive_IT), (196 bytes).
    Removing stm32l0xx_hal_uart.o(i.HAL_UART_RxCpltCallback), (2 bytes).
    Removing stm32l0xx_hal_uart.o(i.HAL_UART_RxHalfCpltCallback), (2 bytes).
    Removing stm32l0xx_hal_uart.o(i.HAL_UART_Transmit), (206 bytes).
    Removing stm32l0xx_hal_uart.o(i.HAL_UART_Transmit_DMA), (172 bytes).
    Removing stm32l0xx_hal_uart.o(i.HAL_UART_Transmit_IT), (120 bytes).
    Removing stm32l0xx_hal_uart.o(i.HAL_UART_TxHalfCpltCallback), (2 bytes).
    Removing stm32l0xx_hal_uart.o(i.UART_DMAError), (72 bytes).
    Removing stm32l0xx_hal_uart.o(i.UART_DMAReceiveCplt), (62 bytes).
    Removing stm32l0xx_hal_uart.o(i.UART_DMARxAbortCallback), (60 bytes).
    Removing stm32l0xx_hal_uart.o(i.UART_DMARxHalfCplt), (10 bytes).
    Removing stm32l0xx_hal_uart.o(i.UART_DMARxOnlyAbortCallback), (36 bytes).
    Removing stm32l0xx_hal_uart.o(i.UART_DMATransmitCplt), (48 bytes).
    Removing stm32l0xx_hal_uart.o(i.UART_DMATxAbortCallback), (50 bytes).
    Removing stm32l0xx_hal_uart.o(i.UART_DMATxHalfCplt), (10 bytes).
    Removing stm32l0xx_hal_uart.o(i.UART_DMATxOnlyAbortCallback), (20 bytes).
    Removing stm32l0xx_hal_uart.o(i.UART_EndTxTransfer), (16 bytes).
    Removing stm32l0xx_hal_uart.o(i.UART_RxISR_16BIT), (88 bytes).
    Removing stm32l0xx_hal_uart.o(i.UART_RxISR_8BIT), (88 bytes).
    Removing stm32l0xx_hal_uart.o(i.UART_TxISR_16BIT), (64 bytes).
    Removing stm32l0xx_hal_uart.o(i.UART_TxISR_8BIT), (60 bytes).
    Removing stm32l0xx_hal_uart_ex.o(.rev16_text), (4 bytes).
    Removing stm32l0xx_hal_uart_ex.o(.revsh_text), (4 bytes).
    Removing stm32l0xx_hal_uart_ex.o(i.HAL_MultiProcessorEx_AddressLength_Set), (52 bytes).
    Removing stm32l0xx_hal_uart_ex.o(i.HAL_RS485Ex_Init), (136 bytes).
    Removing stm32l0xx_hal_uart_ex.o(i.HAL_UARTEx_DisableClockStopMode), (36 bytes).
    Removing stm32l0xx_hal_uart_ex.o(i.HAL_UARTEx_DisableStopMode), (34 bytes).
    Removing stm32l0xx_hal_uart_ex.o(i.HAL_UARTEx_EnableClockStopMode), (36 bytes).
    Removing stm32l0xx_hal_uart_ex.o(i.HAL_UARTEx_EnableStopMode), (34 bytes).
    Removing stm32l0xx_hal_uart_ex.o(i.HAL_UARTEx_StopModeWakeUpSourceConfig), (152 bytes).
    Removing system_stm32l0xx.o(.rev16_text), (4 bytes).
    Removing system_stm32l0xx.o(.revsh_text), (4 bytes).
    Removing system_stm32l0xx.o(i.SystemCoreClockUpdate), (156 bytes).
    Removing applicationmain.o(.rev16_text), (4 bytes).
    Removing applicationmain.o(.revsh_text), (4 bytes).
    Removing ledgpio.o(.rev16_text), (4 bytes).
    Removing ledgpio.o(.revsh_text), (4 bytes).
    Removing spi2.o(.rev16_text), (4 bytes).
    Removing spi2.o(.revsh_text), (4 bytes).
    Removing uart2.o(.rev16_text), (4 bytes).
    Removing uart2.o(.revsh_text), (4 bytes).
    Removing uart2.o(i.Uart2_SendData), (64 bytes).
    Removing ledconfig.o(.rev16_text), (4 bytes).
    Removing ledconfig.o(.revsh_text), (4 bytes).
    Removing ledconfig.o(i.LEDConfig_DeInit), (16 bytes).
    Removing ledconfig.o(i.LEDConfig_Init), (16 bytes).
    Removing ledconfig.o(i.SetLEDStatus), (32 bytes).
    Removing peripheralmain.o(.rev16_text), (4 bytes).
    Removing peripheralmain.o(.revsh_text), (4 bytes).
    Removing ws2812config.o(.rev16_text), (4 bytes).
    Removing ws2812config.o(.revsh_text), (4 bytes).
    Removing ws2812config.o(i.DisableUserColor), (80 bytes).
    Removing ws2812config.o(i.WS2812ConfigChangeEffect), (28 bytes).
    Removing ws2812config.o(i.WS2812ConfigFlashing), (28 bytes).
    Removing ws2812config.o(i.WS2812ConfigPolice), (20 bytes).
    Removing ws2812config.o(i.WS2812ConfigSetOnTime), (28 bytes).
    Removing ws2812config.o(i.WS2812Config_Deinit), (2 bytes).
    Removing ws2812config.o(i.WS2812Config_Init), (2 bytes).
    Removing ws2812config.o(i.WS2812SetDefaultCloar), (28 bytes).
    Removing ledcontrol.o(i.LEDOFF), (22 bytes).
    Removing ledcontrol.o(i.LEDON), (12 bytes).
    Removing ws2812.o(.rev16_text), (4 bytes).
    Removing ws2812.o(.revsh_text), (4 bytes).
    Removing ws2812.o(i.WS2812SetOnTimeDisplay), (2 bytes).
    Removing ws2812.o(i.WS2812StartFlashing), (2 bytes).
    Removing ws2812.o(i.WS2812StartPolice), (2 bytes).
    Removing segger_rtt.o(i.SEGGER_RTT_ConfigDownBuffer), (52 bytes).
    Removing segger_rtt.o(i.SEGGER_RTT_ConfigUpBuffer), (52 bytes).
    Removing segger_rtt.o(i.SEGGER_RTT_GetKey), (28 bytes).
    Removing segger_rtt.o(i.SEGGER_RTT_HasKey), (24 bytes).
    Removing segger_rtt.o(i.SEGGER_RTT_Init), (2 bytes).
    Removing segger_rtt.o(i.SEGGER_RTT_Read), (112 bytes).
    Removing segger_rtt.o(i.SEGGER_RTT_WaitKey), (12 bytes).
    Removing segger_rtt.o(i.SEGGER_RTT_Write), (144 bytes).
    Removing segger_rtt.o(i.SEGGER_RTT_WriteString), (30 bytes).
    Removing segger_rtt.o(i.fputc), (20 bytes).
    Removing segger_rtt.o(.bss), (1024 bytes).
    Removing segger_rtt.o(.bss), (16 bytes).
    Removing segger_rtt.o(.conststring), (9 bytes).
    Removing segger_rtt.o(.data), (120 bytes).
    Removing segger_rtt_printf.o(i.SEGGER_RTT_printf), (24 bytes).
    Removing segger_rtt_printf.o(i.SEGGER_RTT_vprintf), (398 bytes).
    Removing segger_rtt_printf.o(i._PrintInt), (196 bytes).
    Removing segger_rtt_printf.o(i._PrintUnsigned), (228 bytes).
    Removing segger_rtt_printf.o(i._StoreChar), (62 bytes).
    Removing segger_rtt_printf.o(.constdata), (16 bytes).

417 unused section(s) (total 29261 bytes) removed from the image.

==============================================================================

Image Symbol Table

    Local Symbols

    Symbol Name                              Value     Ov Type        Size  Object(Section)

    ../Core/Src/dma.c                        0x00000000   Number         0  dma.o ABSOLUTE
    ../Core/Src/gpio.c                       0x00000000   Number         0  gpio.o ABSOLUTE
    ../Core/Src/main.c                       0x00000000   Number         0  main.o ABSOLUTE
    ../Core/Src/spi.c                        0x00000000   Number         0  spi.o ABSOLUTE
    ../Core/Src/stm32l0xx_hal_msp.c          0x00000000   Number         0  stm32l0xx_hal_msp.o ABSOLUTE
    ../Core/Src/stm32l0xx_it.c               0x00000000   Number         0  stm32l0xx_it.o ABSOLUTE
    ../Core/Src/system_stm32l0xx.c           0x00000000   Number         0  system_stm32l0xx.o ABSOLUTE
    ../Core/Src/usart.c                      0x00000000   Number         0  usart.o ABSOLUTE
    ../Drivers/STM32L0xx_HAL_Driver/Src/stm32l0xx_hal.c 0x00000000   Number         0  stm32l0xx_hal.o ABSOLUTE
    ../Drivers/STM32L0xx_HAL_Driver/Src/stm32l0xx_hal_cortex.c 0x00000000   Number         0  stm32l0xx_hal_cortex.o ABSOLUTE
    ../Drivers/STM32L0xx_HAL_Driver/Src/stm32l0xx_hal_dma.c 0x00000000   Number         0  stm32l0xx_hal_dma.o ABSOLUTE
    ../Drivers/STM32L0xx_HAL_Driver/Src/stm32l0xx_hal_flash.c 0x00000000   Number         0  stm32l0xx_hal_flash.o ABSOLUTE
    ../Drivers/STM32L0xx_HAL_Driver/Src/stm32l0xx_hal_flash_ex.c 0x00000000   Number         0  stm32l0xx_hal_flash_ex.o ABSOLUTE
    ../Drivers/STM32L0xx_HAL_Driver/Src/stm32l0xx_hal_flash_ramfunc.c 0x00000000   Number         0  stm32l0xx_hal_flash_ramfunc.o ABSOLUTE
    ../Drivers/STM32L0xx_HAL_Driver/Src/stm32l0xx_hal_gpio.c 0x00000000   Number         0  stm32l0xx_hal_gpio.o ABSOLUTE
    ../Drivers/STM32L0xx_HAL_Driver/Src/stm32l0xx_hal_i2c.c 0x00000000   Number         0  stm32l0xx_hal_i2c.o ABSOLUTE
    ../Drivers/STM32L0xx_HAL_Driver/Src/stm32l0xx_hal_i2c_ex.c 0x00000000   Number         0  stm32l0xx_hal_i2c_ex.o ABSOLUTE
    ../Drivers/STM32L0xx_HAL_Driver/Src/stm32l0xx_hal_pwr.c 0x00000000   Number         0  stm32l0xx_hal_pwr.o ABSOLUTE
    ../Drivers/STM32L0xx_HAL_Driver/Src/stm32l0xx_hal_pwr_ex.c 0x00000000   Number         0  stm32l0xx_hal_pwr_ex.o ABSOLUTE
    ../Drivers/STM32L0xx_HAL_Driver/Src/stm32l0xx_hal_rcc.c 0x00000000   Number         0  stm32l0xx_hal_rcc.o ABSOLUTE
    ../Drivers/STM32L0xx_HAL_Driver/Src/stm32l0xx_hal_rcc_ex.c 0x00000000   Number         0  stm32l0xx_hal_rcc_ex.o ABSOLUTE
    ../Drivers/STM32L0xx_HAL_Driver/Src/stm32l0xx_hal_spi.c 0x00000000   Number         0  stm32l0xx_hal_spi.o ABSOLUTE
    ../Drivers/STM32L0xx_HAL_Driver/Src/stm32l0xx_hal_tim.c 0x00000000   Number         0  stm32l0xx_hal_tim.o ABSOLUTE
    ../Drivers/STM32L0xx_HAL_Driver/Src/stm32l0xx_hal_tim_ex.c 0x00000000   Number         0  stm32l0xx_hal_tim_ex.o ABSOLUTE
    ../Drivers/STM32L0xx_HAL_Driver/Src/stm32l0xx_hal_uart.c 0x00000000   Number         0  stm32l0xx_hal_uart.o ABSOLUTE
    ../Drivers/STM32L0xx_HAL_Driver/Src/stm32l0xx_hal_uart_ex.c 0x00000000   Number         0  stm32l0xx_hal_uart_ex.o ABSOLUTE
    ../clib/microlib/division.c              0x00000000   Number         0  uidiv.o ABSOLUTE
    ../clib/microlib/division.c              0x00000000   Number         0  uldiv.o ABSOLUTE
    ../clib/microlib/init/entry.s            0x00000000   Number         0  entry11a.o ABSOLUTE
    ../clib/microlib/init/entry.s            0x00000000   Number         0  entry10b.o ABSOLUTE
    ../clib/microlib/init/entry.s            0x00000000   Number         0  entry5.o ABSOLUTE
    ../clib/microlib/init/entry.s            0x00000000   Number         0  entry7a.o ABSOLUTE
    ../clib/microlib/init/entry.s            0x00000000   Number         0  entry8b.o ABSOLUTE
    ../clib/microlib/init/entry.s            0x00000000   Number         0  entry8a.o ABSOLUTE
    ../clib/microlib/init/entry.s            0x00000000   Number         0  entry9a.o ABSOLUTE
    ../clib/microlib/init/entry.s            0x00000000   Number         0  entry.o ABSOLUTE
    ../clib/microlib/init/entry.s            0x00000000   Number         0  entry7b.o ABSOLUTE
    ../clib/microlib/init/entry.s            0x00000000   Number         0  entry2.o ABSOLUTE
    ../clib/microlib/init/entry.s            0x00000000   Number         0  entry11b.o ABSOLUTE
    ../clib/microlib/init/entry.s            0x00000000   Number         0  entry9b.o ABSOLUTE
    ../clib/microlib/init/entry.s            0x00000000   Number         0  entry10a.o ABSOLUTE
    ../clib/microlib/longlong.c              0x00000000   Number         0  llshl.o ABSOLUTE
    ../clib/microlib/longlong.c              0x00000000   Number         0  llushr.o ABSOLUTE
    ../clib/microlib/string/memcpy.c         0x00000000   Number         0  memcpyb.o ABSOLUTE
    ../clib/microlib/string/memcpy.c         0x00000000   Number         0  memcpya.o ABSOLUTE
    ../clib/microlib/string/memset.c         0x00000000   Number         0  memseta.o ABSOLUTE
    ../clib/microlib/string/strstr.c         0x00000000   Number         0  strstr.o ABSOLUTE
    ../clib/microlib/stubs.s                 0x00000000   Number         0  iusefp.o ABSOLUTE
    ../fplib/microlib/fpadd.c                0x00000000   Number         0  fadd.o ABSOLUTE
    ../fplib/microlib/fpdiv.c                0x00000000   Number         0  fdiv.o ABSOLUTE
    ../fplib/microlib/fpepilogue.c           0x00000000   Number         0  fepilogue.o ABSOLUTE
    ../fplib/microlib/fpfix.c                0x00000000   Number         0  ffixui.o ABSOLUTE
    ../fplib/microlib/fpflt.c                0x00000000   Number         0  ffltui.o ABSOLUTE
    ../fplib/microlib/fpmul.c                0x00000000   Number         0  fmul.o ABSOLUTE
    ../fplib/microlib/fpscalb.c              0x00000000   Number         0  fscalb.o ABSOLUTE
    ..\Core\Src\dma.c                        0x00000000   Number         0  dma.o ABSOLUTE
    ..\Core\Src\gpio.c                       0x00000000   Number         0  gpio.o ABSOLUTE
    ..\Core\Src\main.c                       0x00000000   Number         0  main.o ABSOLUTE
    ..\Core\Src\spi.c                        0x00000000   Number         0  spi.o ABSOLUTE
    ..\Core\Src\stm32l0xx_hal_msp.c          0x00000000   Number         0  stm32l0xx_hal_msp.o ABSOLUTE
    ..\Core\Src\stm32l0xx_it.c               0x00000000   Number         0  stm32l0xx_it.o ABSOLUTE
    ..\Core\Src\system_stm32l0xx.c           0x00000000   Number         0  system_stm32l0xx.o ABSOLUTE
    ..\Core\Src\usart.c                      0x00000000   Number         0  usart.o ABSOLUTE
    ..\Drivers\STM32L0xx_HAL_Driver\Src\stm32l0xx_hal.c 0x00000000   Number         0  stm32l0xx_hal.o ABSOLUTE
    ..\Drivers\STM32L0xx_HAL_Driver\Src\stm32l0xx_hal_cortex.c 0x00000000   Number         0  stm32l0xx_hal_cortex.o ABSOLUTE
    ..\Drivers\STM32L0xx_HAL_Driver\Src\stm32l0xx_hal_dma.c 0x00000000   Number         0  stm32l0xx_hal_dma.o ABSOLUTE
    ..\Drivers\STM32L0xx_HAL_Driver\Src\stm32l0xx_hal_flash.c 0x00000000   Number         0  stm32l0xx_hal_flash.o ABSOLUTE
    ..\Drivers\STM32L0xx_HAL_Driver\Src\stm32l0xx_hal_flash_ex.c 0x00000000   Number         0  stm32l0xx_hal_flash_ex.o ABSOLUTE
    ..\Drivers\STM32L0xx_HAL_Driver\Src\stm32l0xx_hal_flash_ramfunc.c 0x00000000   Number         0  stm32l0xx_hal_flash_ramfunc.o ABSOLUTE
    ..\Drivers\STM32L0xx_HAL_Driver\Src\stm32l0xx_hal_gpio.c 0x00000000   Number         0  stm32l0xx_hal_gpio.o ABSOLUTE
    ..\Drivers\STM32L0xx_HAL_Driver\Src\stm32l0xx_hal_i2c.c 0x00000000   Number         0  stm32l0xx_hal_i2c.o ABSOLUTE
    ..\Drivers\STM32L0xx_HAL_Driver\Src\stm32l0xx_hal_i2c_ex.c 0x00000000   Number         0  stm32l0xx_hal_i2c_ex.o ABSOLUTE
    ..\Drivers\STM32L0xx_HAL_Driver\Src\stm32l0xx_hal_pwr.c 0x00000000   Number         0  stm32l0xx_hal_pwr.o ABSOLUTE
    ..\Drivers\STM32L0xx_HAL_Driver\Src\stm32l0xx_hal_pwr_ex.c 0x00000000   Number         0  stm32l0xx_hal_pwr_ex.o ABSOLUTE
    ..\Drivers\STM32L0xx_HAL_Driver\Src\stm32l0xx_hal_rcc.c 0x00000000   Number         0  stm32l0xx_hal_rcc.o ABSOLUTE
    ..\Drivers\STM32L0xx_HAL_Driver\Src\stm32l0xx_hal_rcc_ex.c 0x00000000   Number         0  stm32l0xx_hal_rcc_ex.o ABSOLUTE
    ..\Drivers\STM32L0xx_HAL_Driver\Src\stm32l0xx_hal_spi.c 0x00000000   Number         0  stm32l0xx_hal_spi.o ABSOLUTE
    ..\Drivers\STM32L0xx_HAL_Driver\Src\stm32l0xx_hal_tim.c 0x00000000   Number         0  stm32l0xx_hal_tim.o ABSOLUTE
    ..\Drivers\STM32L0xx_HAL_Driver\Src\stm32l0xx_hal_tim_ex.c 0x00000000   Number         0  stm32l0xx_hal_tim_ex.o ABSOLUTE
    ..\Drivers\STM32L0xx_HAL_Driver\Src\stm32l0xx_hal_uart.c 0x00000000   Number         0  stm32l0xx_hal_uart.o ABSOLUTE
    ..\Drivers\STM32L0xx_HAL_Driver\Src\stm32l0xx_hal_uart_ex.c 0x00000000   Number         0  stm32l0xx_hal_uart_ex.o ABSOLUTE
    ..\User\Application\ApplicationMain.c    0x00000000   Number         0  applicationmain.o ABSOLUTE
    ..\User\Driver\MCU Driver\LEDGPIO.c      0x00000000   Number         0  ledgpio.o ABSOLUTE
    ..\User\Driver\MCU Driver\SPI2.c         0x00000000   Number         0  spi2.o ABSOLUTE
    ..\User\Driver\MCU Driver\Uart2.c        0x00000000   Number         0  uart2.o ABSOLUTE
    ..\User\Driver\Peripheral Driver\LEDConfig.c 0x00000000   Number         0  ledconfig.o ABSOLUTE
    ..\User\Driver\Peripheral Driver\PeripheralMain.c 0x00000000   Number         0  peripheralmain.o ABSOLUTE
    ..\User\Driver\Peripheral Driver\WS2812Config.c 0x00000000   Number         0  ws2812config.o ABSOLUTE
    ..\User\FrameWork\LEDControl.c           0x00000000   Number         0  ledcontrol.o ABSOLUTE
    ..\User\FrameWork\WS2812.c               0x00000000   Number         0  ws2812.o ABSOLUTE
    ..\User\Function\FunctionMain.c          0x00000000   Number         0  functionmain.o ABSOLUTE
    ..\User\RTT\SEGGER_RTT.c                 0x00000000   Number         0  segger_rtt.o ABSOLUTE
    ..\User\RTT\SEGGER_RTT_printf.c          0x00000000   Number         0  segger_rtt_printf.o ABSOLUTE
    ..\\User\\Application\\ApplicationMain.c 0x00000000   Number         0  applicationmain.o ABSOLUTE
    ..\\User\\Driver\\MCU Driver\\LEDGPIO.c  0x00000000   Number         0  ledgpio.o ABSOLUTE
    ..\\User\\Driver\\MCU Driver\\SPI2.c     0x00000000   Number         0  spi2.o ABSOLUTE
    ..\\User\\Driver\\MCU Driver\\Uart2.c    0x00000000   Number         0  uart2.o ABSOLUTE
    ..\\User\\Driver\\Peripheral Driver\\LEDConfig.c 0x00000000   Number         0  ledconfig.o ABSOLUTE
    ..\\User\\Driver\\Peripheral Driver\\PeripheralMain.c 0x00000000   Number         0  peripheralmain.o ABSOLUTE
    ..\\User\\Driver\\Peripheral Driver\\WS2812Config.c 0x00000000   Number         0  ws2812config.o ABSOLUTE
    ..\\User\\FrameWork\\WS2812.c            0x00000000   Number         0  ws2812.o ABSOLUTE
    cfcmple.s                                0x00000000   Number         0  cfcmple.o ABSOLUTE
    cfrcmple.s                               0x00000000   Number         0  cfrcmple.o ABSOLUTE
    dc.s                                     0x00000000   Number         0  dc.o ABSOLUTE
    handlers.s                               0x00000000   Number         0  handlers.o ABSOLUTE
    init.s                                   0x00000000   Number         0  init.o ABSOLUTE
    startup_stm32l011xx.s                    0x00000000   Number         0  startup_stm32l011xx.o ABSOLUTE
    RESET                                    0x08000000   Section      192  startup_stm32l011xx.o(RESET)
    .ARM.Collect$$$$00000000                 0x080000c0   Section        0  entry.o(.ARM.Collect$$$$00000000)
    .ARM.Collect$$$$00000001                 0x080000c0   Section        4  entry2.o(.ARM.Collect$$$$00000001)
    .ARM.Collect$$$$00000004                 0x080000c4   Section        4  entry5.o(.ARM.Collect$$$$00000004)
    .ARM.Collect$$$$00000008                 0x080000c8   Section        0  entry7b.o(.ARM.Collect$$$$00000008)
    .ARM.Collect$$$$0000000A                 0x080000c8   Section        0  entry8b.o(.ARM.Collect$$$$0000000A)
    .ARM.Collect$$$$0000000B                 0x080000c8   Section        8  entry9a.o(.ARM.Collect$$$$0000000B)
    .ARM.Collect$$$$0000000D                 0x080000d0   Section        0  entry10a.o(.ARM.Collect$$$$0000000D)
    .ARM.Collect$$$$0000000F                 0x080000d0   Section        0  entry11a.o(.ARM.Collect$$$$0000000F)
    .ARM.Collect$$$$00002712                 0x080000d0   Section        4  entry2.o(.ARM.Collect$$$$00002712)
    __lit__00000000                          0x080000d0   Data           4  entry2.o(.ARM.Collect$$$$00002712)
    .text                                    0x080000d4   Section       88  startup_stm32l011xx.o(.text)
    .text                                    0x0800012c   Section        0  uidiv.o(.text)
    .text                                    0x08000158   Section        0  uldiv.o(.text)
    .text                                    0x080001b8   Section        0  memseta.o(.text)
    .text                                    0x080001dc   Section        0  strstr.o(.text)
    .text                                    0x08000204   Section        0  fadd.o(.text)
    .text                                    0x080002b6   Section        0  fmul.o(.text)
    .text                                    0x08000330   Section        0  fdiv.o(.text)
    .text                                    0x080003ac   Section        0  fscalb.o(.text)
    .text                                    0x080003c4   Section        0  ffltui.o(.text)
    .text                                    0x080003d2   Section        0  ffixui.o(.text)
    .text                                    0x080003fc   Section       20  cfcmple.o(.text)
    .text                                    0x08000410   Section       20  cfrcmple.o(.text)
    .text                                    0x08000424   Section        0  llshl.o(.text)
    .text                                    0x08000444   Section        0  llushr.o(.text)
    .text                                    0x08000466   Section        0  fepilogue.o(.text)
    .text                                    0x08000466   Section        0  iusefp.o(.text)
    .text                                    0x080004e8   Section       36  init.o(.text)
    i.ApplicationMain_Init                   0x0800050c   Section        0  applicationmain.o(i.ApplicationMain_Init)
    i.ApplicationMain_Loop                   0x08000518   Section        0  applicationmain.o(i.ApplicationMain_Loop)
    i.DMA1_Channel4_5_IRQHandler             0x08000524   Section        0  stm32l0xx_it.o(i.DMA1_Channel4_5_IRQHandler)
    i.DMA_SetConfig                          0x08000534   Section        0  stm32l0xx_hal_dma.o(i.DMA_SetConfig)
    DMA_SetConfig                            0x08000535   Thumb Code    44  stm32l0xx_hal_dma.o(i.DMA_SetConfig)
    i.Error_Handler                          0x08000560   Section        0  main.o(i.Error_Handler)
    i.FunctionMain_Init                      0x08000562   Section        0  functionmain.o(i.FunctionMain_Init)
    i.FunctionMain_Loop                      0x08000564   Section        0  functionmain.o(i.FunctionMain_Loop)
    i.HAL_DMA_Abort_IT                       0x080005cc   Section        0  stm32l0xx_hal_dma.o(i.HAL_DMA_Abort_IT)
    i.HAL_DMA_IRQHandler                     0x08000618   Section        0  stm32l0xx_hal_dma.o(i.HAL_DMA_IRQHandler)
    i.HAL_DMA_Init                           0x080006c0   Section        0  stm32l0xx_hal_dma.o(i.HAL_DMA_Init)
    i.HAL_DMA_Start_IT                       0x08000750   Section        0  stm32l0xx_hal_dma.o(i.HAL_DMA_Start_IT)
    i.HAL_GPIO_Init                          0x080007b8   Section        0  stm32l0xx_hal_gpio.o(i.HAL_GPIO_Init)
    i.HAL_GPIO_WritePin                      0x08000914   Section        0  stm32l0xx_hal_gpio.o(i.HAL_GPIO_WritePin)
    i.HAL_GetTick                            0x08000920   Section        0  stm32l0xx_hal.o(i.HAL_GetTick)
    i.HAL_IncTick                            0x0800092c   Section        0  stm32l0xx_hal.o(i.HAL_IncTick)
    i.HAL_Init                               0x0800093c   Section        0  stm32l0xx_hal.o(i.HAL_Init)
    i.HAL_InitTick                           0x0800096c   Section        0  stm32l0xx_hal.o(i.HAL_InitTick)
    i.HAL_MspInit                            0x080009b0   Section        0  stm32l0xx_hal_msp.o(i.HAL_MspInit)
    i.HAL_NVIC_EnableIRQ                     0x080009c8   Section        0  stm32l0xx_hal_cortex.o(i.HAL_NVIC_EnableIRQ)
    i.HAL_NVIC_SetPriority                   0x080009dc   Section        0  stm32l0xx_hal_cortex.o(i.HAL_NVIC_SetPriority)
    i.HAL_RCCEx_PeriphCLKConfig              0x080009e4   Section        0  stm32l0xx_hal_rcc_ex.o(i.HAL_RCCEx_PeriphCLKConfig)
    i.HAL_RCC_ClockConfig                    0x08000b34   Section        0  stm32l0xx_hal_rcc.o(i.HAL_RCC_ClockConfig)
    i.HAL_RCC_GetPCLK1Freq                   0x08000ca0   Section        0  stm32l0xx_hal_rcc.o(i.HAL_RCC_GetPCLK1Freq)
    i.HAL_RCC_GetPCLK2Freq                   0x08000cc0   Section        0  stm32l0xx_hal_rcc.o(i.HAL_RCC_GetPCLK2Freq)
    i.HAL_RCC_GetSysClockFreq                0x08000ce0   Section        0  stm32l0xx_hal_rcc.o(i.HAL_RCC_GetSysClockFreq)
    i.HAL_RCC_OscConfig                      0x08000d58   Section        0  stm32l0xx_hal_rcc.o(i.HAL_RCC_OscConfig)
    i.HAL_SPI_ErrorCallback                  0x08001184   Section        0  stm32l0xx_hal_spi.o(i.HAL_SPI_ErrorCallback)
    i.HAL_SPI_Init                           0x08001186   Section        0  stm32l0xx_hal_spi.o(i.HAL_SPI_Init)
    i.HAL_SPI_MspInit                        0x080011fc   Section        0  spi.o(i.HAL_SPI_MspInit)
    i.HAL_SPI_Transmit_DMA                   0x0800128c   Section        0  stm32l0xx_hal_spi.o(i.HAL_SPI_Transmit_DMA)
    i.HAL_SPI_TxCpltCallback                 0x08001358   Section        0  stm32l0xx_hal_spi.o(i.HAL_SPI_TxCpltCallback)
    i.HAL_SPI_TxHalfCpltCallback             0x0800135a   Section        0  stm32l0xx_hal_spi.o(i.HAL_SPI_TxHalfCpltCallback)
    i.HAL_SYSTICK_Config                     0x0800135c   Section        0  stm32l0xx_hal_cortex.o(i.HAL_SYSTICK_Config)
    i.HAL_UARTEx_WakeupCallback              0x0800138c   Section        0  stm32l0xx_hal_uart_ex.o(i.HAL_UARTEx_WakeupCallback)
    i.HAL_UART_ErrorCallback                 0x0800138e   Section        0  stm32l0xx_hal_uart.o(i.HAL_UART_ErrorCallback)
    i.HAL_UART_IRQHandler                    0x08001390   Section        0  stm32l0xx_hal_uart.o(i.HAL_UART_IRQHandler)
    i.HAL_UART_Init                          0x080014cc   Section        0  stm32l0xx_hal_uart.o(i.HAL_UART_Init)
    i.HAL_UART_MspInit                       0x08001538   Section        0  usart.o(i.HAL_UART_MspInit)
    i.HAL_UART_TxCpltCallback                0x080015b4   Section        0  stm32l0xx_hal_uart.o(i.HAL_UART_TxCpltCallback)
    i.HardFault_Handler                      0x080015b6   Section        0  stm32l0xx_it.o(i.HardFault_Handler)
    i.LEDConfig_Loop                         0x080015b8   Section        0  ledconfig.o(i.LEDConfig_Loop)
    i.LEDFlashing                            0x080015c8   Section        0  ledcontrol.o(i.LEDFlashing)
    i.LEDToggle                              0x080015d0   Section        0  ledcontrol.o(i.LEDToggle)
    i.LEDTransmitData                        0x080015e4   Section        0  ws2812.o(i.LEDTransmitData)
    i.LEdRunCycle                            0x080015f4   Section        0  ledcontrol.o(i.LEdRunCycle)
    i.MX_DMA_Init                            0x08001618   Section        0  dma.o(i.MX_DMA_Init)
    i.MX_GPIO_Init                           0x08001640   Section        0  gpio.o(i.MX_GPIO_Init)
    i.MX_SPI1_Init                           0x080016a4   Section        0  spi.o(i.MX_SPI1_Init)
    i.MX_USART2_UART_Init                    0x080016ec   Section        0  usart.o(i.MX_USART2_UART_Init)
    i.NMI_Handler                            0x08001724   Section        0  stm32l0xx_it.o(i.NMI_Handler)
    i.NVIC_SetPriority                       0x08001728   Section        0  stm32l0xx_hal_cortex.o(i.NVIC_SetPriority)
    NVIC_SetPriority                         0x08001729   Thumb Code    60  stm32l0xx_hal_cortex.o(i.NVIC_SetPriority)
    i.PendSV_Handler                         0x0800176c   Section        0  stm32l0xx_it.o(i.PendSV_Handler)
    i.PeripheralMain_Init                    0x0800176e   Section        0  peripheralmain.o(i.PeripheralMain_Init)
    i.PeripheralMain_Loop                    0x0800177a   Section        0  peripheralmain.o(i.PeripheralMain_Loop)
    i.SPI2TransmitData                       0x08001788   Section        0  spi2.o(i.SPI2TransmitData)
    i.SPI_DMAError                           0x0800179c   Section        0  stm32l0xx_hal_spi.o(i.SPI_DMAError)
    SPI_DMAError                             0x0800179d   Thumb Code    34  stm32l0xx_hal_spi.o(i.SPI_DMAError)
    i.SPI_DMAHalfTransmitCplt                0x080017be   Section        0  stm32l0xx_hal_spi.o(i.SPI_DMAHalfTransmitCplt)
    SPI_DMAHalfTransmitCplt                  0x080017bf   Thumb Code    10  stm32l0xx_hal_spi.o(i.SPI_DMAHalfTransmitCplt)
    i.SPI_DMATransmitCplt                    0x080017c8   Section        0  stm32l0xx_hal_spi.o(i.SPI_DMATransmitCplt)
    SPI_DMATransmitCplt                      0x080017c9   Thumb Code   104  stm32l0xx_hal_spi.o(i.SPI_DMATransmitCplt)
    i.SPI_EndRxTxTransaction                 0x08001830   Section        0  stm32l0xx_hal_spi.o(i.SPI_EndRxTxTransaction)
    SPI_EndRxTxTransaction                   0x08001831   Thumb Code    66  stm32l0xx_hal_spi.o(i.SPI_EndRxTxTransaction)
    i.SPI_WaitFlagStateUntilTimeout          0x08001872   Section        0  stm32l0xx_hal_spi.o(i.SPI_WaitFlagStateUntilTimeout)
    SPI_WaitFlagStateUntilTimeout            0x08001873   Thumb Code   140  stm32l0xx_hal_spi.o(i.SPI_WaitFlagStateUntilTimeout)
    i.SVC_Handler                            0x080018fe   Section        0  stm32l0xx_it.o(i.SVC_Handler)
    i.SetDebugLEDLeave                       0x08001900   Section        0  ledgpio.o(i.SetDebugLEDLeave)
    i.SetLEDFlashing                         0x08001914   Section        0  ledconfig.o(i.SetLEDFlashing)
    i.SetLEDValue                            0x08001924   Section        0  ws2812.o(i.SetLEDValue)
    i.SysTick_Handler                        0x080019a8   Section        0  stm32l0xx_it.o(i.SysTick_Handler)
    i.SystemClock_Config                     0x080019c8   Section        0  main.o(i.SystemClock_Config)
    i.SystemInit                             0x08001a3c   Section        0  system_stm32l0xx.o(i.SystemInit)
    i.UART_AdvFeatureConfig                  0x08001a90   Section        0  stm32l0xx_hal_uart.o(i.UART_AdvFeatureConfig)
    i.UART_CheckIdleState                    0x08001b5c   Section        0  stm32l0xx_hal_uart.o(i.UART_CheckIdleState)
    i.UART_DMAAbortOnError                   0x08001bbc   Section        0  stm32l0xx_hal_uart.o(i.UART_DMAAbortOnError)
    UART_DMAAbortOnError                     0x08001bbd   Thumb Code    20  stm32l0xx_hal_uart.o(i.UART_DMAAbortOnError)
    i.UART_EndRxTransfer                     0x08001bd0   Section        0  stm32l0xx_hal_uart.o(i.UART_EndRxTransfer)
    UART_EndRxTransfer                       0x08001bd1   Thumb Code    32  stm32l0xx_hal_uart.o(i.UART_EndRxTransfer)
    i.UART_SetConfig                         0x08001bf0   Section        0  stm32l0xx_hal_uart.o(i.UART_SetConfig)
    i.UART_WaitOnFlagUntilTimeout            0x08001df4   Section        0  stm32l0xx_hal_uart.o(i.UART_WaitOnFlagUntilTimeout)
    i.USART2_IRQHandler                      0x08001e58   Section        0  stm32l0xx_it.o(i.USART2_IRQHandler)
    i.Uart2_ClearData                        0x08001e6c   Section        0  uart2.o(i.Uart2_ClearData)
    i.Uart2_IT_RxTxHandle                    0x08001e84   Section        0  uart2.o(i.Uart2_IT_RxTxHandle)
    i.Uart2_IsReceive                        0x08001ee0   Section        0  uart2.o(i.Uart2_IsReceive)
    i.UpdateLED                              0x08001efc   Section        0  ws2812.o(i.UpdateLED)
    UpdateLED                                0x08001efd   Thumb Code   108  ws2812.o(i.UpdateLED)
    i.WS2812ConfigBreath                     0x08001f68   Section        0  ws2812config.o(i.WS2812ConfigBreath)
    i.WS2812ConfigNormalDisplay              0x08001f88   Section        0  ws2812config.o(i.WS2812ConfigNormalDisplay)
    i.WS2812ConfigRainBowBreath              0x08001fa0   Section        0  ws2812config.o(i.WS2812ConfigRainBowBreath)
    i.WS2812ConfigSetByUser                  0x08001fb4   Section        0  ws2812config.o(i.WS2812ConfigSetByUser)
    i.WS2812ConfigSurround                   0x08001fd4   Section        0  ws2812config.o(i.WS2812ConfigSurround)
    i.WS2812ConfigUserFunc                   0x08001ff0   Section        0  ws2812config.o(i.WS2812ConfigUserFunc)
    i.WS2812Config_Loop                      0x08002040   Section        0  ws2812config.o(i.WS2812Config_Loop)
    i.WS2812Cycle                            0x08002050   Section        0  ws2812.o(i.WS2812Cycle)
    i.WS2812RainBowBreathCycle               0x08002088   Section        0  ws2812.o(i.WS2812RainBowBreathCycle)
    WS2812RainBowBreathCycle                 0x08002089   Thumb Code   298  ws2812.o(i.WS2812RainBowBreathCycle)
    i.WS2812StartBreathe                     0x080021c4   Section        0  ws2812.o(i.WS2812StartBreathe)
    i.WS2812StartNormalDisplay               0x080021c6   Section        0  ws2812.o(i.WS2812StartNormalDisplay)
    i.WS2812StartRainBowBreathe              0x08002208   Section        0  ws2812.o(i.WS2812StartRainBowBreathe)
    i.WS2812StartSurround                    0x08002268   Section        0  ws2812.o(i.WS2812StartSurround)
    i.__ARM_common_switch8                   0x0800226a   Section        0  stm32l0xx_hal_dma.o(i.__ARM_common_switch8)
    i.__scatterload_copy                     0x08002284   Section       14  handlers.o(i.__scatterload_copy)
    i.__scatterload_null                     0x08002292   Section        2  handlers.o(i.__scatterload_null)
    i.__scatterload_zeroinit                 0x08002294   Section       14  handlers.o(i.__scatterload_zeroinit)
    i.main                                   0x080022a2   Section        0  main.o(i.main)
    .constdata                               0x080022c4   Section       25  system_stm32l0xx.o(.constdata)
    .constdata                               0x080022dd   Section        8  system_stm32l0xx.o(.constdata)
    .data                                    0x20000000   Section       12  stm32l0xx_hal.o(.data)
    .data                                    0x2000000c   Section        4  system_stm32l0xx.o(.data)
    .data                                    0x20000010   Section        1  functionmain.o(.data)
    status                                   0x20000010   Data           1  functionmain.o(.data)
    .data                                    0x20000014   Section       16  ledconfig.o(.data)
    .data                                    0x20000024   Section       48  ws2812config.o(.data)
    .data                                    0x20000054   Section        4  ledcontrol.o(.data)
    .data                                    0x20000058   Section       32  ws2812.o(.data)
    .bss                                     0x20000078   Section      160  spi.o(.bss)
    .bss                                     0x20000118   Section      128  usart.o(.bss)
    .bss                                     0x20000198   Section       58  uart2.o(.bss)
    .bss                                     0x200001d2   Section      384  ws2812config.o(.bss)
    .bss                                     0x20000354   Section      160  ws2812config.o(.bss)
    STACK                                    0x200003f8   Section     1024  startup_stm32l011xx.o(STACK)

    Global Symbols

    Symbol Name                              Value     Ov Type        Size  Object(Section)

    BuildAttributes$$THM_ISAv3M$S$PE$A:L22$X:L11$S22$IEEE1$IW$USESV6$~STKCKD$USESV7$~SHL$OTIME$ROPI$EBA8$MICROLIB$REQ8$PRES8$EABIv2 0x00000000   Number         0  anon$$obj.o ABSOLUTE
    __ARM_use_no_argv                        0x00000000   Number         0  main.o ABSOLUTE
    __cpp_initialize__aeabi_                  - Undefined Weak Reference
    __cxa_finalize                            - Undefined Weak Reference
    __decompress                              - Undefined Weak Reference
    _clock_init                               - Undefined Weak Reference
    _microlib_exit                            - Undefined Weak Reference
    __Vectors_Size                           0x000000c0   Number         0  startup_stm32l011xx.o ABSOLUTE
    __Vectors                                0x08000000   Data           4  startup_stm32l011xx.o(RESET)
    __Vectors_End                            0x080000c0   Data           0  startup_stm32l011xx.o(RESET)
    __main                                   0x080000c1   Thumb Code     0  entry.o(.ARM.Collect$$$$00000000)
    _main_stk                                0x080000c1   Thumb Code     0  entry2.o(.ARM.Collect$$$$00000001)
    _main_scatterload                        0x080000c5   Thumb Code     0  entry5.o(.ARM.Collect$$$$00000004)
    __main_after_scatterload                 0x080000c9   Thumb Code     0  entry5.o(.ARM.Collect$$$$00000004)
    _main_clock                              0x080000c9   Thumb Code     0  entry7b.o(.ARM.Collect$$$$00000008)
    _main_cpp_init                           0x080000c9   Thumb Code     0  entry8b.o(.ARM.Collect$$$$0000000A)
    _main_init                               0x080000c9   Thumb Code     0  entry9a.o(.ARM.Collect$$$$0000000B)
    __rt_final_cpp                           0x080000d1   Thumb Code     0  entry10a.o(.ARM.Collect$$$$0000000D)
    __rt_final_exit                          0x080000d1   Thumb Code     0  entry11a.o(.ARM.Collect$$$$0000000F)
    Reset_Handler                            0x080000d5   Thumb Code    38  startup_stm32l011xx.o(.text)
    ADC1_COMP_IRQHandler                     0x08000105   Thumb Code     0  startup_stm32l011xx.o(.text)
    DMA1_Channel1_IRQHandler                 0x08000105   Thumb Code     0  startup_stm32l011xx.o(.text)
    DMA1_Channel2_3_IRQHandler               0x08000105   Thumb Code     0  startup_stm32l011xx.o(.text)
    EXTI0_1_IRQHandler                       0x08000105   Thumb Code     0  startup_stm32l011xx.o(.text)
    EXTI2_3_IRQHandler                       0x08000105   Thumb Code     0  startup_stm32l011xx.o(.text)
    EXTI4_15_IRQHandler                      0x08000105   Thumb Code     0  startup_stm32l011xx.o(.text)
    FLASH_IRQHandler                         0x08000105   Thumb Code     0  startup_stm32l011xx.o(.text)
    I2C1_IRQHandler                          0x08000105   Thumb Code     0  startup_stm32l011xx.o(.text)
    LPTIM1_IRQHandler                        0x08000105   Thumb Code     0  startup_stm32l011xx.o(.text)
    LPUART1_IRQHandler                       0x08000105   Thumb Code     0  startup_stm32l011xx.o(.text)
    PVD_IRQHandler                           0x08000105   Thumb Code     0  startup_stm32l011xx.o(.text)
    RCC_IRQHandler                           0x08000105   Thumb Code     0  startup_stm32l011xx.o(.text)
    RTC_IRQHandler                           0x08000105   Thumb Code     0  startup_stm32l011xx.o(.text)
    SPI1_IRQHandler                          0x08000105   Thumb Code     0  startup_stm32l011xx.o(.text)
    TIM21_IRQHandler                         0x08000105   Thumb Code     0  startup_stm32l011xx.o(.text)
    TIM2_IRQHandler                          0x08000105   Thumb Code     0  startup_stm32l011xx.o(.text)
    WWDG_IRQHandler                          0x08000105   Thumb Code     0  startup_stm32l011xx.o(.text)
    __aeabi_uidiv                            0x0800012d   Thumb Code     0  uidiv.o(.text)
    __aeabi_uidivmod                         0x0800012d   Thumb Code    44  uidiv.o(.text)
    __aeabi_uldivmod                         0x08000159   Thumb Code    96  uldiv.o(.text)
    __aeabi_memset                           0x080001b9   Thumb Code    14  memseta.o(.text)
    __aeabi_memset4                          0x080001b9   Thumb Code     0  memseta.o(.text)
    __aeabi_memset8                          0x080001b9   Thumb Code     0  memseta.o(.text)
    __aeabi_memclr                           0x080001c7   Thumb Code     4  memseta.o(.text)
    __aeabi_memclr4                          0x080001c7   Thumb Code     0  memseta.o(.text)
    __aeabi_memclr8                          0x080001c7   Thumb Code     0  memseta.o(.text)
    _memset$wrapper                          0x080001cb   Thumb Code    18  memseta.o(.text)
    strstr                                   0x080001dd   Thumb Code    40  strstr.o(.text)
    __aeabi_fadd                             0x08000205   Thumb Code   162  fadd.o(.text)
    __aeabi_fsub                             0x080002a7   Thumb Code     8  fadd.o(.text)
    __aeabi_frsub                            0x080002af   Thumb Code     8  fadd.o(.text)
    __aeabi_fmul                             0x080002b7   Thumb Code   122  fmul.o(.text)
    __aeabi_fdiv                             0x08000331   Thumb Code   124  fdiv.o(.text)
    __ARM_scalbnf                            0x080003ad   Thumb Code    24  fscalb.o(.text)
    scalbnf                                  0x080003ad   Thumb Code     0  fscalb.o(.text)
    __aeabi_ui2f                             0x080003c5   Thumb Code    14  ffltui.o(.text)
    __aeabi_f2uiz                            0x080003d3   Thumb Code    40  ffixui.o(.text)
    __aeabi_cfcmpeq                          0x080003fd   Thumb Code     0  cfcmple.o(.text)
    __aeabi_cfcmple                          0x080003fd   Thumb Code    20  cfcmple.o(.text)
    __aeabi_cfrcmple                         0x08000411   Thumb Code    20  cfrcmple.o(.text)
    __aeabi_llsl                             0x08000425   Thumb Code    32  llshl.o(.text)
    _ll_shift_l                              0x08000425   Thumb Code     0  llshl.o(.text)
    __aeabi_llsr                             0x08000445   Thumb Code    34  llushr.o(.text)
    _ll_ushift_r                             0x08000445   Thumb Code     0  llushr.o(.text)
    __I$use$fp                               0x08000467   Thumb Code     0  iusefp.o(.text)
    _float_round                             0x08000467   Thumb Code    16  fepilogue.o(.text)
    _float_epilogue                          0x08000477   Thumb Code   114  fepilogue.o(.text)
    __scatterload                            0x080004e9   Thumb Code    28  init.o(.text)
    __scatterload_rt2                        0x080004e9   Thumb Code     0  init.o(.text)
    ApplicationMain_Init                     0x0800050d   Thumb Code    12  applicationmain.o(i.ApplicationMain_Init)
    ApplicationMain_Loop                     0x08000519   Thumb Code    12  applicationmain.o(i.ApplicationMain_Loop)
    DMA1_Channel4_5_IRQHandler               0x08000525   Thumb Code    10  stm32l0xx_it.o(i.DMA1_Channel4_5_IRQHandler)
    Error_Handler                            0x08000561   Thumb Code     2  main.o(i.Error_Handler)
    FunctionMain_Init                        0x08000563   Thumb Code     2  functionmain.o(i.FunctionMain_Init)
    FunctionMain_Loop                        0x08000565   Thumb Code    80  functionmain.o(i.FunctionMain_Loop)
    HAL_DMA_Abort_IT                         0x080005cd   Thumb Code    76  stm32l0xx_hal_dma.o(i.HAL_DMA_Abort_IT)
    HAL_DMA_IRQHandler                       0x08000619   Thumb Code   168  stm32l0xx_hal_dma.o(i.HAL_DMA_IRQHandler)
    HAL_DMA_Init                             0x080006c1   Thumb Code   132  stm32l0xx_hal_dma.o(i.HAL_DMA_Init)
    HAL_DMA_Start_IT                         0x08000751   Thumb Code   104  stm32l0xx_hal_dma.o(i.HAL_DMA_Start_IT)
    HAL_GPIO_Init                            0x080007b9   Thumb Code   326  stm32l0xx_hal_gpio.o(i.HAL_GPIO_Init)
    HAL_GPIO_WritePin                        0x08000915   Thumb Code    12  stm32l0xx_hal_gpio.o(i.HAL_GPIO_WritePin)
    HAL_GetTick                              0x08000921   Thumb Code     6  stm32l0xx_hal.o(i.HAL_GetTick)
    HAL_IncTick                              0x0800092d   Thumb Code    12  stm32l0xx_hal.o(i.HAL_IncTick)
    HAL_Init                                 0x0800093d   Thumb Code    44  stm32l0xx_hal.o(i.HAL_Init)
    HAL_InitTick                             0x0800096d   Thumb Code    58  stm32l0xx_hal.o(i.HAL_InitTick)
    HAL_MspInit                              0x080009b1   Thumb Code    20  stm32l0xx_hal_msp.o(i.HAL_MspInit)
    HAL_NVIC_EnableIRQ                       0x080009c9   Thumb Code    14  stm32l0xx_hal_cortex.o(i.HAL_NVIC_EnableIRQ)
    HAL_NVIC_SetPriority                     0x080009dd   Thumb Code     8  stm32l0xx_hal_cortex.o(i.HAL_NVIC_SetPriority)
    HAL_RCCEx_PeriphCLKConfig                0x080009e5   Thumb Code   324  stm32l0xx_hal_rcc_ex.o(i.HAL_RCCEx_PeriphCLKConfig)
    HAL_RCC_ClockConfig                      0x08000b35   Thumb Code   344  stm32l0xx_hal_rcc.o(i.HAL_RCC_ClockConfig)
    HAL_RCC_GetPCLK1Freq                     0x08000ca1   Thumb Code    20  stm32l0xx_hal_rcc.o(i.HAL_RCC_GetPCLK1Freq)
    HAL_RCC_GetPCLK2Freq                     0x08000cc1   Thumb Code    20  stm32l0xx_hal_rcc.o(i.HAL_RCC_GetPCLK2Freq)
    HAL_RCC_GetSysClockFreq                  0x08000ce1   Thumb Code   100  stm32l0xx_hal_rcc.o(i.HAL_RCC_GetSysClockFreq)
    HAL_RCC_OscConfig                        0x08000d59   Thumb Code  1068  stm32l0xx_hal_rcc.o(i.HAL_RCC_OscConfig)
    HAL_SPI_ErrorCallback                    0x08001185   Thumb Code     2  stm32l0xx_hal_spi.o(i.HAL_SPI_ErrorCallback)
    HAL_SPI_Init                             0x08001187   Thumb Code   118  stm32l0xx_hal_spi.o(i.HAL_SPI_Init)
    HAL_SPI_MspInit                          0x080011fd   Thumb Code   128  spi.o(i.HAL_SPI_MspInit)
    HAL_SPI_Transmit_DMA                     0x0800128d   Thumb Code   190  stm32l0xx_hal_spi.o(i.HAL_SPI_Transmit_DMA)
    HAL_SPI_TxCpltCallback                   0x08001359   Thumb Code     2  stm32l0xx_hal_spi.o(i.HAL_SPI_TxCpltCallback)
    HAL_SPI_TxHalfCpltCallback               0x0800135b   Thumb Code     2  stm32l0xx_hal_spi.o(i.HAL_SPI_TxHalfCpltCallback)
    HAL_SYSTICK_Config                       0x0800135d   Thumb Code    38  stm32l0xx_hal_cortex.o(i.HAL_SYSTICK_Config)
    HAL_UARTEx_WakeupCallback                0x0800138d   Thumb Code     2  stm32l0xx_hal_uart_ex.o(i.HAL_UARTEx_WakeupCallback)
    HAL_UART_ErrorCallback                   0x0800138f   Thumb Code     2  stm32l0xx_hal_uart.o(i.HAL_UART_ErrorCallback)
    HAL_UART_IRQHandler                      0x08001391   Thumb Code   310  stm32l0xx_hal_uart.o(i.HAL_UART_IRQHandler)
    HAL_UART_Init                            0x080014cd   Thumb Code   106  stm32l0xx_hal_uart.o(i.HAL_UART_Init)
    HAL_UART_MspInit                         0x08001539   Thumb Code   112  usart.o(i.HAL_UART_MspInit)
    HAL_UART_TxCpltCallback                  0x080015b5   Thumb Code     2  stm32l0xx_hal_uart.o(i.HAL_UART_TxCpltCallback)
    HardFault_Handler                        0x080015b7   Thumb Code     2  stm32l0xx_it.o(i.HardFault_Handler)
    LEDConfig_Loop                           0x080015b9   Thumb Code    10  ledconfig.o(i.LEDConfig_Loop)
    LEDFlashing                              0x080015c9   Thumb Code     8  ledcontrol.o(i.LEDFlashing)
    LEDToggle                                0x080015d1   Thumb Code    20  ledcontrol.o(i.LEDToggle)
    LEDTransmitData                          0x080015e5   Thumb Code    14  ws2812.o(i.LEDTransmitData)
    LEdRunCycle                              0x080015f5   Thumb Code    32  ledcontrol.o(i.LEdRunCycle)
    MX_DMA_Init                              0x08001619   Thumb Code    36  dma.o(i.MX_DMA_Init)
    MX_GPIO_Init                             0x08001641   Thumb Code    90  gpio.o(i.MX_GPIO_Init)
    MX_SPI1_Init                             0x080016a5   Thumb Code    64  spi.o(i.MX_SPI1_Init)
    MX_USART2_UART_Init                      0x080016ed   Thumb Code    48  usart.o(i.MX_USART2_UART_Init)
    NMI_Handler                              0x08001725   Thumb Code     2  stm32l0xx_it.o(i.NMI_Handler)
    PendSV_Handler                           0x0800176d   Thumb Code     2  stm32l0xx_it.o(i.PendSV_Handler)
    PeripheralMain_Init                      0x0800176f   Thumb Code    12  peripheralmain.o(i.PeripheralMain_Init)
    PeripheralMain_Loop                      0x0800177b   Thumb Code    12  peripheralmain.o(i.PeripheralMain_Loop)
    SPI2TransmitData                         0x08001789   Thumb Code    14  spi2.o(i.SPI2TransmitData)
    SVC_Handler                              0x080018ff   Thumb Code     2  stm32l0xx_it.o(i.SVC_Handler)
    SetDebugLEDLeave                         0x08001901   Thumb Code    14  ledgpio.o(i.SetDebugLEDLeave)
    SetLEDFlashing                           0x08001915   Thumb Code    12  ledconfig.o(i.SetLEDFlashing)
    SetLEDValue                              0x08001925   Thumb Code   130  ws2812.o(i.SetLEDValue)
    SysTick_Handler                          0x080019a9   Thumb Code    24  stm32l0xx_it.o(i.SysTick_Handler)
    SystemClock_Config                       0x080019c9   Thumb Code   112  main.o(i.SystemClock_Config)
    SystemInit                               0x08001a3d   Thumb Code    66  system_stm32l0xx.o(i.SystemInit)
    UART_AdvFeatureConfig                    0x08001a91   Thumb Code   202  stm32l0xx_hal_uart.o(i.UART_AdvFeatureConfig)
    UART_CheckIdleState                      0x08001b5d   Thumb Code    90  stm32l0xx_hal_uart.o(i.UART_CheckIdleState)
    UART_SetConfig                           0x08001bf1   Thumb Code   474  stm32l0xx_hal_uart.o(i.UART_SetConfig)
    UART_WaitOnFlagUntilTimeout              0x08001df5   Thumb Code    98  stm32l0xx_hal_uart.o(i.UART_WaitOnFlagUntilTimeout)
    USART2_IRQHandler                        0x08001e59   Thumb Code    14  stm32l0xx_it.o(i.USART2_IRQHandler)
    Uart2_ClearData                          0x08001e6d   Thumb Code    18  uart2.o(i.Uart2_ClearData)
    Uart2_IT_RxTxHandle                      0x08001e85   Thumb Code    82  uart2.o(i.Uart2_IT_RxTxHandle)
    Uart2_IsReceive                          0x08001ee1   Thumb Code    22  uart2.o(i.Uart2_IsReceive)
    WS2812ConfigBreath                       0x08001f69   Thumb Code    26  ws2812config.o(i.WS2812ConfigBreath)
    WS2812ConfigNormalDisplay                0x08001f89   Thumb Code    18  ws2812config.o(i.WS2812ConfigNormalDisplay)
    WS2812ConfigRainBowBreath                0x08001fa1   Thumb Code    14  ws2812config.o(i.WS2812ConfigRainBowBreath)
    WS2812ConfigSetByUser                    0x08001fb5   Thumb Code    26  ws2812config.o(i.WS2812ConfigSetByUser)
    WS2812ConfigSurround                     0x08001fd5   Thumb Code    22  ws2812config.o(i.WS2812ConfigSurround)
    WS2812ConfigUserFunc                     0x08001ff1   Thumb Code    76  ws2812config.o(i.WS2812ConfigUserFunc)
    WS2812Config_Loop                        0x08002041   Thumb Code    10  ws2812config.o(i.WS2812Config_Loop)
    WS2812Cycle                              0x08002051   Thumb Code    46  ws2812.o(i.WS2812Cycle)
    WS2812StartBreathe                       0x080021c5   Thumb Code     2  ws2812.o(i.WS2812StartBreathe)
    WS2812StartNormalDisplay                 0x080021c7   Thumb Code    66  ws2812.o(i.WS2812StartNormalDisplay)
    WS2812StartRainBowBreathe                0x08002209   Thumb Code    96  ws2812.o(i.WS2812StartRainBowBreathe)
    WS2812StartSurround                      0x08002269   Thumb Code     2  ws2812.o(i.WS2812StartSurround)
    __ARM_common_switch8                     0x0800226b   Thumb Code    26  stm32l0xx_hal_dma.o(i.__ARM_common_switch8)
    __scatterload_copy                       0x08002285   Thumb Code    14  handlers.o(i.__scatterload_copy)
    __scatterload_null                       0x08002293   Thumb Code     2  handlers.o(i.__scatterload_null)
    __scatterload_zeroinit                   0x08002295   Thumb Code    14  handlers.o(i.__scatterload_zeroinit)
    main                                     0x080022a3   Thumb Code    34  main.o(i.main)
    AHBPrescTable                            0x080022c4   Data          16  system_stm32l0xx.o(.constdata)
    PLLMulTable                              0x080022d4   Data           9  system_stm32l0xx.o(.constdata)
    APBPrescTable                            0x080022dd   Data           8  system_stm32l0xx.o(.constdata)
    Region$$Table$$Base                      0x080022e8   Number         0  anon$$obj.o(Region$$Table)
    Region$$Table$$Limit                     0x08002308   Number         0  anon$$obj.o(Region$$Table)
    uwTickFreq                               0x20000000   Data           1  stm32l0xx_hal.o(.data)
    uwTickPrio                               0x20000004   Data           4  stm32l0xx_hal.o(.data)
    uwTick                                   0x20000008   Data           4  stm32l0xx_hal.o(.data)
    SystemCoreClock                          0x2000000c   Data           4  system_stm32l0xx.o(.data)
    gDebugLED                                0x20000014   Data          16  ledconfig.o(.data)
    gWs2812                                  0x20000024   Data          24  ws2812config.o(.data)
    gWS2812Config                            0x2000003c   Data          12  ws2812config.o(.data)
    gDefaultWS2812                           0x20000048   Data          12  ws2812config.o(.data)
    gLED_TimeCNT                             0x20000054   Data           4  ledcontrol.o(.data)
    gWS2812_TimeCNT                          0x20000058   Data           4  ws2812.o(.data)
    RainBow                                  0x2000005c   Data          28  ws2812.o(.data)
    hspi1                                    0x20000078   Data          88  spi.o(.bss)
    hdma_spi1_tx                             0x200000d0   Data          72  spi.o(.bss)
    huart2                                   0x20000118   Data         128  usart.o(.bss)
    gUart2                                   0x20000198   Data          58  uart2.o(.bss)
    xWS2812BBuffer                           0x200001d2   Data         384  ws2812config.o(.bss)
    xWS2812BLED                              0x20000354   Data         160  ws2812config.o(.bss)
    __initial_sp                             0x200007f8   Data           0  startup_stm32l011xx.o(STACK)



==============================================================================

Memory Map of the image

  Image Entry point : 0x080000c1

  Load Region LR_IROM1 (Base: 0x08000000, Size: 0x00002380, Max: 0x00004000, ABSOLUTE)

    Execution Region ER_IROM1 (Exec base: 0x08000000, Load base: 0x08000000, Size: 0x00002308, Max: 0x00004000, ABSOLUTE)

    Exec Addr    Load Addr    Size         Type   Attr      Idx    E Section Name        Object

    0x08000000   0x08000000   0x000000c0   Data   RO            3    RESET               startup_stm32l011xx.o
    0x080000c0   0x080000c0   0x00000000   Code   RO         3274  * .ARM.Collect$$$$00000000  mc_p.l(entry.o)
    0x080000c0   0x080000c0   0x00000004   Code   RO         3305    .ARM.Collect$$$$00000001  mc_p.l(entry2.o)
    0x080000c4   0x080000c4   0x00000004   Code   RO         3308    .ARM.Collect$$$$00000004  mc_p.l(entry5.o)
    0x080000c8   0x080000c8   0x00000000   Code   RO         3310    .ARM.Collect$$$$00000008  mc_p.l(entry7b.o)
    0x080000c8   0x080000c8   0x00000000   Code   RO         3312    .ARM.Collect$$$$0000000A  mc_p.l(entry8b.o)
    0x080000c8   0x080000c8   0x00000008   Code   RO         3313    .ARM.Collect$$$$0000000B  mc_p.l(entry9a.o)
    0x080000d0   0x080000d0   0x00000000   Code   RO         3315    .ARM.Collect$$$$0000000D  mc_p.l(entry10a.o)
    0x080000d0   0x080000d0   0x00000000   Code   RO         3317    .ARM.Collect$$$$0000000F  mc_p.l(entry11a.o)
    0x080000d0   0x080000d0   0x00000004   Code   RO         3306    .ARM.Collect$$$$00002712  mc_p.l(entry2.o)
    0x080000d4   0x080000d4   0x00000058   Code   RO            4    .text               startup_stm32l011xx.o
    0x0800012c   0x0800012c   0x0000002c   Code   RO         3277    .text               mc_p.l(uidiv.o)
    0x08000158   0x08000158   0x00000060   Code   RO         3279    .text               mc_p.l(uldiv.o)
    0x080001b8   0x080001b8   0x00000024   Code   RO         3283    .text               mc_p.l(memseta.o)
    0x080001dc   0x080001dc   0x00000028   Code   RO         3285    .text               mc_p.l(strstr.o)
    0x08000204   0x08000204   0x000000b2   Code   RO         3289    .text               mf_p.l(fadd.o)
    0x080002b6   0x080002b6   0x0000007a   Code   RO         3291    .text               mf_p.l(fmul.o)
    0x08000330   0x08000330   0x0000007c   Code   RO         3293    .text               mf_p.l(fdiv.o)
    0x080003ac   0x080003ac   0x00000018   Code   RO         3295    .text               mf_p.l(fscalb.o)
    0x080003c4   0x080003c4   0x0000000e   Code   RO         3297    .text               mf_p.l(ffltui.o)
    0x080003d2   0x080003d2   0x00000028   Code   RO         3299    .text               mf_p.l(ffixui.o)
    0x080003fa   0x080003fa   0x00000002   PAD
    0x080003fc   0x080003fc   0x00000014   Code   RO         3301    .text               mf_p.l(cfcmple.o)
    0x08000410   0x08000410   0x00000014   Code   RO         3303    .text               mf_p.l(cfrcmple.o)
    0x08000424   0x08000424   0x00000020   Code   RO         3319    .text               mc_p.l(llshl.o)
    0x08000444   0x08000444   0x00000022   Code   RO         3321    .text               mc_p.l(llushr.o)
    0x08000466   0x08000466   0x00000000   Code   RO         3323    .text               mc_p.l(iusefp.o)
    0x08000466   0x08000466   0x00000082   Code   RO         3324    .text               mf_p.l(fepilogue.o)
    0x080004e8   0x080004e8   0x00000024   Code   RO         3326    .text               mc_p.l(init.o)
    0x0800050c   0x0800050c   0x0000000c   Code   RO         2682    i.ApplicationMain_Init  applicationmain.o
    0x08000518   0x08000518   0x0000000c   Code   RO         2683    i.ApplicationMain_Loop  applicationmain.o
    0x08000524   0x08000524   0x00000010   Code   RO          270    i.DMA1_Channel4_5_IRQHandler  stm32l0xx_it.o
    0x08000534   0x08000534   0x0000002c   Code   RO         1847    i.DMA_SetConfig     stm32l0xx_hal_dma.o
    0x08000560   0x08000560   0x00000002   Code   RO           12    i.Error_Handler     main.o
    0x08000562   0x08000562   0x00000002   Code   RO         2712    i.FunctionMain_Init  functionmain.o
    0x08000564   0x08000564   0x00000068   Code   RO         2713    i.FunctionMain_Loop  functionmain.o
    0x080005cc   0x080005cc   0x0000004c   Code   RO         1849    i.HAL_DMA_Abort_IT  stm32l0xx_hal_dma.o
    0x08000618   0x08000618   0x000000a8   Code   RO         1853    i.HAL_DMA_IRQHandler  stm32l0xx_hal_dma.o
    0x080006c0   0x080006c0   0x00000090   Code   RO         1854    i.HAL_DMA_Init      stm32l0xx_hal_dma.o
    0x08000750   0x08000750   0x00000068   Code   RO         1858    i.HAL_DMA_Start_IT  stm32l0xx_hal_dma.o
    0x080007b8   0x080007b8   0x0000015c   Code   RO         1788    i.HAL_GPIO_Init     stm32l0xx_hal_gpio.o
    0x08000914   0x08000914   0x0000000c   Code   RO         1792    i.HAL_GPIO_WritePin  stm32l0xx_hal_gpio.o
    0x08000920   0x08000920   0x0000000c   Code   RO          693    i.HAL_GetTick       stm32l0xx_hal.o
    0x0800092c   0x0800092c   0x00000010   Code   RO          699    i.HAL_IncTick       stm32l0xx_hal.o
    0x0800093c   0x0800093c   0x00000030   Code   RO          700    i.HAL_Init          stm32l0xx_hal.o
    0x0800096c   0x0800096c   0x00000044   Code   RO          701    i.HAL_InitTick      stm32l0xx_hal.o
    0x080009b0   0x080009b0   0x00000018   Code   RO          342    i.HAL_MspInit       stm32l0xx_hal_msp.o
    0x080009c8   0x080009c8   0x00000014   Code   RO         2114    i.HAL_NVIC_EnableIRQ  stm32l0xx_hal_cortex.o
    0x080009dc   0x080009dc   0x00000008   Code   RO         2118    i.HAL_NVIC_SetPriority  stm32l0xx_hal_cortex.o
    0x080009e4   0x080009e4   0x00000150   Code   RO         1475    i.HAL_RCCEx_PeriphCLKConfig  stm32l0xx_hal_rcc_ex.o
    0x08000b34   0x08000b34   0x0000016c   Code   RO         1394    i.HAL_RCC_ClockConfig  stm32l0xx_hal_rcc.o
    0x08000ca0   0x08000ca0   0x00000020   Code   RO         1399    i.HAL_RCC_GetPCLK1Freq  stm32l0xx_hal_rcc.o
    0x08000cc0   0x08000cc0   0x00000020   Code   RO         1400    i.HAL_RCC_GetPCLK2Freq  stm32l0xx_hal_rcc.o
    0x08000ce0   0x08000ce0   0x00000078   Code   RO         1401    i.HAL_RCC_GetSysClockFreq  stm32l0xx_hal_rcc.o
    0x08000d58   0x08000d58   0x0000042c   Code   RO         1403    i.HAL_RCC_OscConfig  stm32l0xx_hal_rcc.o
    0x08001184   0x08001184   0x00000002   Code   RO          369    i.HAL_SPI_ErrorCallback  stm32l0xx_hal_spi.o
    0x08001186   0x08001186   0x00000076   Code   RO          373    i.HAL_SPI_Init      stm32l0xx_hal_spi.o
    0x080011fc   0x080011fc   0x00000090   Code   RO          195    i.HAL_SPI_MspInit   spi.o
    0x0800128c   0x0800128c   0x000000cc   Code   RO          385    i.HAL_SPI_Transmit_DMA  stm32l0xx_hal_spi.o
    0x08001358   0x08001358   0x00000002   Code   RO          387    i.HAL_SPI_TxCpltCallback  stm32l0xx_hal_spi.o
    0x0800135a   0x0800135a   0x00000002   Code   RO          388    i.HAL_SPI_TxHalfCpltCallback  stm32l0xx_hal_spi.o
    0x0800135c   0x0800135c   0x00000030   Code   RO         2122    i.HAL_SYSTICK_Config  stm32l0xx_hal_cortex.o
    0x0800138c   0x0800138c   0x00000002   Code   RO         2593    i.HAL_UARTEx_WakeupCallback  stm32l0xx_hal_uart_ex.o
    0x0800138e   0x0800138e   0x00000002   Code   RO         2256    i.HAL_UART_ErrorCallback  stm32l0xx_hal_uart.o
    0x08001390   0x08001390   0x0000013c   Code   RO         2259    i.HAL_UART_IRQHandler  stm32l0xx_hal_uart.o
    0x080014cc   0x080014cc   0x0000006a   Code   RO         2260    i.HAL_UART_Init     stm32l0xx_hal_uart.o
    0x08001536   0x08001536   0x00000002   PAD
    0x08001538   0x08001538   0x0000007c   Code   RO          233    i.HAL_UART_MspInit  usart.o
    0x080015b4   0x080015b4   0x00000002   Code   RO         2271    i.HAL_UART_TxCpltCallback  stm32l0xx_hal_uart.o
    0x080015b6   0x080015b6   0x00000002   Code   RO          271    i.HardFault_Handler  stm32l0xx_it.o
    0x080015b8   0x080015b8   0x00000010   Code   RO         2836    i.LEDConfig_Loop    ledconfig.o
    0x080015c8   0x080015c8   0x00000008   Code   RO         3024    i.LEDFlashing       ledcontrol.o
    0x080015d0   0x080015d0   0x00000014   Code   RO         3027    i.LEDToggle         ledcontrol.o
    0x080015e4   0x080015e4   0x0000000e   Code   RO         3068    i.LEDTransmitData   ws2812.o
    0x080015f2   0x080015f2   0x00000002   PAD
    0x080015f4   0x080015f4   0x00000024   Code   RO         3028    i.LEdRunCycle       ledcontrol.o
    0x08001618   0x08001618   0x00000028   Code   RO          174    i.MX_DMA_Init       dma.o
    0x08001640   0x08001640   0x00000064   Code   RO          154    i.MX_GPIO_Init      gpio.o
    0x080016a4   0x080016a4   0x00000048   Code   RO          196    i.MX_SPI1_Init      spi.o
    0x080016ec   0x080016ec   0x00000038   Code   RO          234    i.MX_USART2_UART_Init  usart.o
    0x08001724   0x08001724   0x00000002   Code   RO          272    i.NMI_Handler       stm32l0xx_it.o
    0x08001726   0x08001726   0x00000002   PAD
    0x08001728   0x08001728   0x00000044   Code   RO         2124    i.NVIC_SetPriority  stm32l0xx_hal_cortex.o
    0x0800176c   0x0800176c   0x00000002   Code   RO          273    i.PendSV_Handler    stm32l0xx_it.o
    0x0800176e   0x0800176e   0x0000000c   Code   RO         2884    i.PeripheralMain_Init  peripheralmain.o
    0x0800177a   0x0800177a   0x0000000c   Code   RO         2885    i.PeripheralMain_Loop  peripheralmain.o
    0x08001786   0x08001786   0x00000002   PAD
    0x08001788   0x08001788   0x00000014   Code   RO         2759    i.SPI2TransmitData  spi2.o
    0x0800179c   0x0800179c   0x00000022   Code   RO          401    i.SPI_DMAError      stm32l0xx_hal_spi.o
    0x080017be   0x080017be   0x0000000a   Code   RO          403    i.SPI_DMAHalfTransmitCplt  stm32l0xx_hal_spi.o
    0x080017c8   0x080017c8   0x00000068   Code   RO          407    i.SPI_DMATransmitCplt  stm32l0xx_hal_spi.o
    0x08001830   0x08001830   0x00000042   Code   RO          411    i.SPI_EndRxTxTransaction  stm32l0xx_hal_spi.o
    0x08001872   0x08001872   0x0000008c   Code   RO          416    i.SPI_WaitFlagStateUntilTimeout  stm32l0xx_hal_spi.o
    0x080018fe   0x080018fe   0x00000002   Code   RO          274    i.SVC_Handler       stm32l0xx_it.o
    0x08001900   0x08001900   0x00000014   Code   RO         2736    i.SetDebugLEDLeave  ledgpio.o
    0x08001914   0x08001914   0x00000010   Code   RO         2837    i.SetLEDFlashing    ledconfig.o
    0x08001924   0x08001924   0x00000082   Code   RO         3069    i.SetLEDValue       ws2812.o
    0x080019a6   0x080019a6   0x00000002   PAD
    0x080019a8   0x080019a8   0x00000020   Code   RO          275    i.SysTick_Handler   stm32l0xx_it.o
    0x080019c8   0x080019c8   0x00000074   Code   RO           13    i.SystemClock_Config  main.o
    0x08001a3c   0x08001a3c   0x00000054   Code   RO         2649    i.SystemInit        system_stm32l0xx.o
    0x08001a90   0x08001a90   0x000000ca   Code   RO         2273    i.UART_AdvFeatureConfig  stm32l0xx_hal_uart.o
    0x08001b5a   0x08001b5a   0x00000002   PAD
    0x08001b5c   0x08001b5c   0x00000060   Code   RO         2274    i.UART_CheckIdleState  stm32l0xx_hal_uart.o
    0x08001bbc   0x08001bbc   0x00000014   Code   RO         2275    i.UART_DMAAbortOnError  stm32l0xx_hal_uart.o
    0x08001bd0   0x08001bd0   0x00000020   Code   RO         2285    i.UART_EndRxTransfer  stm32l0xx_hal_uart.o
    0x08001bf0   0x08001bf0   0x00000204   Code   RO         2289    i.UART_SetConfig    stm32l0xx_hal_uart.o
    0x08001df4   0x08001df4   0x00000062   Code   RO         2292    i.UART_WaitOnFlagUntilTimeout  stm32l0xx_hal_uart.o
    0x08001e56   0x08001e56   0x00000002   PAD
    0x08001e58   0x08001e58   0x00000014   Code   RO          276    i.USART2_IRQHandler  stm32l0xx_it.o
    0x08001e6c   0x08001e6c   0x00000018   Code   RO         2783    i.Uart2_ClearData   uart2.o
    0x08001e84   0x08001e84   0x0000005c   Code   RO         2784    i.Uart2_IT_RxTxHandle  uart2.o
    0x08001ee0   0x08001ee0   0x0000001c   Code   RO         2785    i.Uart2_IsReceive   uart2.o
    0x08001efc   0x08001efc   0x0000006c   Code   RO         3070    i.UpdateLED         ws2812.o
    0x08001f68   0x08001f68   0x00000020   Code   RO         2921    i.WS2812ConfigBreath  ws2812config.o
    0x08001f88   0x08001f88   0x00000018   Code   RO         2924    i.WS2812ConfigNormalDisplay  ws2812config.o
    0x08001fa0   0x08001fa0   0x00000014   Code   RO         2926    i.WS2812ConfigRainBowBreath  ws2812config.o
    0x08001fb4   0x08001fb4   0x00000020   Code   RO         2927    i.WS2812ConfigSetByUser  ws2812config.o
    0x08001fd4   0x08001fd4   0x0000001c   Code   RO         2929    i.WS2812ConfigSurround  ws2812config.o
    0x08001ff0   0x08001ff0   0x00000050   Code   RO         2930    i.WS2812ConfigUserFunc  ws2812config.o
    0x08002040   0x08002040   0x00000010   Code   RO         2933    i.WS2812Config_Loop  ws2812config.o
    0x08002050   0x08002050   0x00000038   Code   RO         3071    i.WS2812Cycle       ws2812.o
    0x08002088   0x08002088   0x0000013c   Code   RO         3072    i.WS2812RainBowBreathCycle  ws2812.o
    0x080021c4   0x080021c4   0x00000002   Code   RO         3074    i.WS2812StartBreathe  ws2812.o
    0x080021c6   0x080021c6   0x00000042   Code   RO         3076    i.WS2812StartNormalDisplay  ws2812.o
    0x08002208   0x08002208   0x00000060   Code   RO         3078    i.WS2812StartRainBowBreathe  ws2812.o
    0x08002268   0x08002268   0x00000002   Code   RO         3079    i.WS2812StartSurround  ws2812.o
    0x0800226a   0x0800226a   0x0000001a   Code   RO         1933    i.__ARM_common_switch8  stm32l0xx_hal_dma.o
    0x08002284   0x08002284   0x0000000e   Code   RO         3330    i.__scatterload_copy  mc_p.l(handlers.o)
    0x08002292   0x08002292   0x00000002   Code   RO         3331    i.__scatterload_null  mc_p.l(handlers.o)
    0x08002294   0x08002294   0x0000000e   Code   RO         3332    i.__scatterload_zeroinit  mc_p.l(handlers.o)
    0x080022a2   0x080022a2   0x00000022   Code   RO           14    i.main              main.o
    0x080022c4   0x080022c4   0x00000019   Data   RO         2650    .constdata          system_stm32l0xx.o
    0x080022dd   0x080022dd   0x00000008   Data   RO         2651    .constdata          system_stm32l0xx.o
    0x080022e5   0x080022e5   0x00000003   PAD
    0x080022e8   0x080022e8   0x00000020   Data   RO         3328    Region$$Table       anon$$obj.o


    Execution Region RW_IRAM1 (Exec base: 0x20000000, Load base: 0x08002308, Size: 0x000007f8, Max: 0x00000800, ABSOLUTE)

    Exec Addr    Load Addr    Size         Type   Attr      Idx    E Section Name        Object

    0x20000000   0x08002308   0x0000000c   Data   RW          711    .data               stm32l0xx_hal.o
    0x2000000c   0x08002314   0x00000004   Data   RW         2652    .data               system_stm32l0xx.o
    0x20000010   0x08002318   0x00000001   Data   RW         2714    .data               functionmain.o
    0x20000011   0x08002319   0x00000003   PAD
    0x20000014   0x0800231c   0x00000010   Data   RW         2839    .data               ledconfig.o
    0x20000024   0x0800232c   0x00000030   Data   RW         2937    .data               ws2812config.o
    0x20000054   0x0800235c   0x00000004   Data   RW         3029    .data               ledcontrol.o
    0x20000058   0x08002360   0x00000020   Data   RW         3080    .data               ws2812.o
    0x20000078        -       0x000000a0   Zero   RW          197    .bss                spi.o
    0x20000118        -       0x00000080   Zero   RW          235    .bss                usart.o
    0x20000198        -       0x0000003a   Zero   RW         2787    .bss                uart2.o
    0x200001d2        -       0x00000180   Zero   RW         2935    .bss                ws2812config.o
    0x20000352   0x08002380   0x00000002   PAD
    0x20000354        -       0x000000a0   Zero   RW         2936    .bss                ws2812config.o
    0x200003f4   0x08002380   0x00000004   PAD
    0x200003f8        -       0x00000400   Zero   RW            1    STACK               startup_stm32l011xx.o


==============================================================================

Image component sizes


      Code (inc. data)   RO Data    RW Data    ZI Data      Debug   Object Name

        24          0          0          0          0        958   applicationmain.o
        40          4          0          0          0        718   dma.o
       106         24          0          1          0        956   functionmain.o
       100         10          0          0          0        887   gpio.o
        32         10          0         16          0       1230   ledconfig.o
        64          4          0          4          0       2939   ledcontrol.o
        20          6          0          0          0        499   ledgpio.o
       152          4          0          0          0     276580   main.o
        24          0          0          0          0       1000   peripheralmain.o
       216         24          0          0        160       1638   spi.o
        20          6          0          0          0        924   spi2.o
        88         38        192          0       1024        636   startup_stm32l011xx.o
       144         24          0         12          0       7461   stm32l0xx_hal.o
       144         24          0          0          0       9025   stm32l0xx_hal_cortex.o
       562         12          0          0          0       4310   stm32l0xx_hal_dma.o
       360         22          0          0          0       2312   stm32l0xx_hal_gpio.o
        24          4          0          0          0        426   stm32l0xx_hal_msp.o
      1616         88          0          0          0       5420   stm32l0xx_hal_rcc.o
       336         12          0          0          0       1412   stm32l0xx_hal_rcc_ex.o
       682         14          0          0          0       6912   stm32l0xx_hal_spi.o
      1390         78          0          0          0       8362   stm32l0xx_hal_uart.o
         2          0          0          0          0        960   stm32l0xx_hal_uart_ex.o
        76         20          0          0          0       5781   stm32l0xx_it.o
        84         18         33          4          0       1195   system_stm32l0xx.o
       144         22          0          0         58       2722   uart2.o
       180         20          0          0        128       1578   usart.o
       790         28          0         32          0       8462   ws2812.o
       232         40          0         48        544       5331   ws2812config.o

    ----------------------------------------------------------------------
      7666        556        260        120       1920     360634   Object Totals
         0          0         32          0          0          0   (incl. Generated)
        14          0          3          3          6          0   (incl. Padding)

    ----------------------------------------------------------------------

      Code (inc. data)   RO Data    RW Data    ZI Data      Debug   Library Member Name

         0          0          0          0          0          0   entry.o
         0          0          0          0          0          0   entry10a.o
         0          0          0          0          0          0   entry11a.o
         8          4          0          0          0          0   entry2.o
         4          0          0          0          0          0   entry5.o
         0          0          0          0          0          0   entry7b.o
         0          0          0          0          0          0   entry8b.o
         8          4          0          0          0          0   entry9a.o
        30          0          0          0          0          0   handlers.o
        36          8          0          0          0         68   init.o
         0          0          0          0          0          0   iusefp.o
        32          0          0          0          0         68   llshl.o
        34          0          0          0          0         68   llushr.o
        36          0          0          0          0        100   memseta.o
        40          0          0          0          0         72   strstr.o
        44          0          0          0          0         72   uidiv.o
        96          0          0          0          0         84   uldiv.o
        20          0          0          0          0         68   cfcmple.o
        20          0          0          0          0         68   cfrcmple.o
       178          0          0          0          0        108   fadd.o
       124          0          0          0          0         72   fdiv.o
       130          0          0          0          0        144   fepilogue.o
        40          0          0          0          0         60   ffixui.o
        14          0          0          0          0         68   ffltui.o
       122          0          0          0          0         72   fmul.o
        24          0          0          0          0         60   fscalb.o

    ----------------------------------------------------------------------
      1042         16          0          0          0       1252   Library Totals
         2          0          0          0          0          0   (incl. Padding)

    ----------------------------------------------------------------------

      Code (inc. data)   RO Data    RW Data    ZI Data      Debug   Library Name

       368         16          0          0          0        532   mc_p.l
       672          0          0          0          0        720   mf_p.l

    ----------------------------------------------------------------------
      1042         16          0          0          0       1252   Library Totals

    ----------------------------------------------------------------------

==============================================================================


      Code (inc. data)   RO Data    RW Data    ZI Data      Debug   

      8708        572        260        120       1920     357446   Grand Totals
      8708        572        260        120       1920     357446   ELF Image Totals
      8708        572        260        120          0          0   ROM Totals

==============================================================================

    Total RO  Size (Code + RO Data)                 8968 (   8.76kB)
    Total RW  Size (RW Data + ZI Data)              2040 (   1.99kB)
    Total ROM Size (Code + RO Data + RW Data)       9088 (   8.88kB)

==============================================================================

