<html>
<body>
<pre>
<h1>µVision Build Log</h1>
<h2>Tool Versions:</h2>
IDE-Version: ¦ÌVision V5.31.0.0
Copyright (C) 2020 ARM Ltd and ARM Germany GmbH. All rights reserved.
License Information:  ,   , LIC=ATTQ1-CGF83-WFCI7-EM4R8-JCCLB-VVJEM
 
Tool Versions:
Toolchain:       MDK-ARM Plus  Version: 5.31.0.0
Toolchain Path:  D:\SoftWare\Keil\ARM\ARMCC\Bin
C Compiler:      Armcc.exe V5.06 update 6 (build 750)
Assembler:       Armasm.exe V5.06 update 6 (build 750)
Linker/Locator:  ArmLink.exe V5.06 update 6 (build 750)
Library Manager: ArmAr.exe V5.06 update 6 (build 750)
Hex Converter:   FromElf.exe V5.06 update 6 (build 750)
CPU DLL:         SARMCM3.DLL V5.31.0.0
Dialog DLL:      DARMCM1.DLL V1.19.3.0
Target DLL:      Segger\JL2CM3.dll V2.99.38.0
Dialog DLL:      TARMCM1.DLL V1.14.2.0
 
<h2>Project:</h2>
E:\study\WS2812µÆ´ø\STM32L011F4P6\WIFI_LED\MDK-ARM\WIFI_LED.uvprojx
Project File Date:  10/30/2020

<h2>Output:</h2>
*** Using Compiler 'V5.06 update 6 (build 750)', folder: 'D:\SoftWare\Keil\ARM\ARMCC\Bin'
Rebuild target 'WIFI_LED'
assembling startup_stm32l011xx.s...
compiling main.c...
compiling gpio.c...
compiling dma.c...
compiling stm32l0xx_it.c...
compiling usart.c...
compiling spi.c...
compiling stm32l0xx_hal_msp.c...
compiling stm32l0xx_hal.c...
compiling stm32l0xx_hal_spi.c...
compiling stm32l0xx_hal_i2c_ex.c...
compiling stm32l0xx_hal_rcc.c...
compiling stm32l0xx_hal_i2c.c...
compiling stm32l0xx_hal_rcc_ex.c...
compiling stm32l0xx_hal_flash_ramfunc.c...
compiling stm32l0xx_hal_flash.c...
compiling stm32l0xx_hal_flash_ex.c...
compiling stm32l0xx_hal_gpio.c...
compiling stm32l0xx_hal_pwr.c...
compiling stm32l0xx_hal_dma.c...
compiling stm32l0xx_hal_pwr_ex.c...
compiling stm32l0xx_hal_cortex.c...
compiling stm32l0xx_hal_tim.c...
compiling stm32l0xx_hal_tim_ex.c...
compiling stm32l0xx_hal_uart_ex.c...
compiling stm32l0xx_hal_uart.c...
compiling system_stm32l0xx.c...
compiling FunctionMain.c...
compiling ApplicationMain.c...
compiling LEDGPIO.c...
compiling SPI2.c...
compiling Uart2.c...
compiling LEDConfig.c...
compiling PeripheralMain.c...
compiling LEDControl.c...
compiling SEGGER_RTT.c...
compiling WS2812Config.c...
compiling SEGGER_RTT_printf.c...
compiling WS2812.c...
..\User\FrameWork\WS2812.c(164): warning:  #177-D: function "WS2812SetOnTimeDisplayCycle"  was declared but never referenced
  static void WS2812SetOnTimeDisplayCycle(PWS2812BGroup_Struct gWS2812,uint8_t index)
..\User\FrameWork\WS2812.c(233): warning:  #177-D: function "WS2812SurroundCycle"  was declared but never referenced
  static void WS2812SurroundCycle(PWS2812BGroup_Struct gWS2812,uint8_t index)
..\User\FrameWork\WS2812.c(295): warning:  #177-D: function "WS2812FlashingCycle"  was declared but never referenced
  static void WS2812FlashingCycle(PWS2812BGroup_Struct gWS2812,uint8_t index)
..\User\FrameWork\WS2812.c(363): warning:  #177-D: function "WS2812BreathCycle"  was declared but never referenced
  static void WS2812BreathCycle(PWS2812BGroup_Struct gWS2812,uint8_t index)
..\User\FrameWork\WS2812.c(498): warning:  #177-D: function "WS2812PoliceCycle"  was declared but never referenced
  static void WS2812PoliceCycle(PWS2812BGroup_Struct gWS2812,uint8_t index)
..\User\FrameWork\WS2812.c: 5 warnings, 0 errors
linking...
Program Size: Code=8708 RO-data=260 RW-data=120 ZI-data=1920  
FromELF: creating hex file...
"WIFI_LED\WIFI_LED.axf" - 0 Error(s), 5 Warning(s).

<h2>Software Packages used:</h2>

Package Vendor: ARM
                http://www.keil.com/pack/ARM.CMSIS.5.7.0.pack
                ARM.CMSIS.5.7.0
                CMSIS (Cortex Microcontroller Software Interface Standard)
   * Component: CORE Version: 5.4.0

Package Vendor: Keil
                http://www.keil.com/pack/Keil.STM32L0xx_DFP.2.0.1.pack
                Keil.STM32L0xx_DFP.2.0.1
                STMicroelectronics STM32L0 Series Device Support, Drivers and Examples

<h2>Collection of Component include folders:</h2>
  .\RTE\_WIFI_LED
  D:\SoftWare\Keil\ARM\CMSIS\5.7.0\CMSIS\Core\Include
  D:\SoftWare\Keil\Keil\STM32L0xx_DFP\2.0.1\Drivers\CMSIS\Device\ST\STM32L0xx\Include

<h2>Collection of Component Files used:</h2>

   * Component: ARM::CMSIS:CORE:5.4.0
Build Time Elapsed:  00:00:10
</pre>
</body>
</html>
